###############################################################################
#
# IAR ELF Linker V7.20.2.7424/W32 for ARM                 08/Apr/2017  00:11:05
# Copyright 2007-2014 IAR Systems AB.
#
#    Output file  =  
#        C:\Users\lenovo\Desktop\17智能车省赛\LPLD_OSKinetis_V3\project\chase_after4.5\iar\FLASH\Exe\chase_after_K60DZ10.out
#    Map file     =  
#        C:\Users\lenovo\Desktop\17智能车省赛\LPLD_OSKinetis_V3\project\chase_after4.5\iar\FLASH\List\chase_after_K60DZ10.map
#    Command line =  
#        C:\Users\lenovo\Desktop\17智能车省赛\LPLD_OSKinetis_V3\project\chase_after4.5\iar\FLASH\Obj\alloc.o
#        C:\Users\lenovo\Desktop\17智能车省赛\LPLD_OSKinetis_V3\project\chase_after4.5\iar\FLASH\Obj\assert.o
#        C:\Users\lenovo\Desktop\17智能车省赛\LPLD_OSKinetis_V3\project\chase_after4.5\iar\FLASH\Obj\chase_after.o
#        C:\Users\lenovo\Desktop\17智能车省赛\LPLD_OSKinetis_V3\project\chase_after4.5\iar\FLASH\Obj\HW_ADC.o
#        C:\Users\lenovo\Desktop\17智能车省赛\LPLD_OSKinetis_V3\project\chase_after4.5\iar\FLASH\Obj\HW_DMA.o
#        C:\Users\lenovo\Desktop\17智能车省赛\LPLD_OSKinetis_V3\project\chase_after4.5\iar\FLASH\Obj\HW_FTM.o
#        C:\Users\lenovo\Desktop\17智能车省赛\LPLD_OSKinetis_V3\project\chase_after4.5\iar\FLASH\Obj\HW_GPIO.o
#        C:\Users\lenovo\Desktop\17智能车省赛\LPLD_OSKinetis_V3\project\chase_after4.5\iar\FLASH\Obj\HW_MCG.o
#        C:\Users\lenovo\Desktop\17智能车省赛\LPLD_OSKinetis_V3\project\chase_after4.5\iar\FLASH\Obj\HW_PIT.o
#        C:\Users\lenovo\Desktop\17智能车省赛\LPLD_OSKinetis_V3\project\chase_after4.5\iar\FLASH\Obj\HW_UART.o
#        C:\Users\lenovo\Desktop\17智能车省赛\LPLD_OSKinetis_V3\project\chase_after4.5\iar\FLASH\Obj\io.o
#        C:\Users\lenovo\Desktop\17智能车省赛\LPLD_OSKinetis_V3\project\chase_after4.5\iar\FLASH\Obj\printf.o
#        C:\Users\lenovo\Desktop\17智能车省赛\LPLD_OSKinetis_V3\project\chase_after4.5\iar\FLASH\Obj\queue.o
#        C:\Users\lenovo\Desktop\17智能车省赛\LPLD_OSKinetis_V3\project\chase_after4.5\iar\FLASH\Obj\relocate.o
#        C:\Users\lenovo\Desktop\17智能车省赛\LPLD_OSKinetis_V3\project\chase_after4.5\iar\FLASH\Obj\startup_K60DZ10.o
#        C:\Users\lenovo\Desktop\17智能车省赛\LPLD_OSKinetis_V3\project\chase_after4.5\iar\FLASH\Obj\stdlib.o
#        C:\Users\lenovo\Desktop\17智能车省赛\LPLD_OSKinetis_V3\project\chase_after4.5\iar\FLASH\Obj\system_MK60.o
#        C:\Users\lenovo\Desktop\17智能车省赛\LPLD_OSKinetis_V3\project\chase_after4.5\iar\FLASH\Obj\uif.o
#        --redirect _Printf=_PrintfFull --redirect _Scanf=_ScanfFull -o
#        C:\Users\lenovo\Desktop\17智能车省赛\LPLD_OSKinetis_V3\project\chase_after4.5\iar\FLASH\Exe\chase_after_K60DZ10.out
#        --map
#        C:\Users\lenovo\Desktop\17智能车省赛\LPLD_OSKinetis_V3\project\chase_after4.5\iar\FLASH\List\chase_after_K60DZ10.map
#        --config
#        C:\Users\lenovo\Desktop\17智能车省赛\LPLD_OSKinetis_V3\project\chase_after4.5\iar\..\..\..\lib\iar_config_files\LPLD_K60DN512_FLASH.icf
#        --semihosting --entry __iar_program_start
#        D:\IAR\arm\CMSIS\Lib\IAR\iar_cortexM4l_math.a
#        --merge_duplicate_sections --vfe
#
###############################################################################

*******************************************************************************
*** MESSAGES
***

Error[Li005]: no definition for "HardwareInit" [referenced from C:\Users\lenovo
          \Desktop\17智能车省赛\LPLD_OSKinetis_V3\project\chase_after4.5\iar\FL
          ASH\Obj\chase_after.o]
Error[Li005]: no definition for "DialSwitch_init" [referenced from C:\Users\len
          ovo\Desktop\17智能车省赛\LPLD_OSKinetis_V3\project\chase_after4.5\iar
          \FLASH\Obj\chase_after.o]


*******************************************************************************
*** RUNTIME MODEL ATTRIBUTES
***

CppFlavor       = *
__SystemLibrary = DLib


*******************************************************************************
*** PLACEMENT SUMMARY
***

"A1":  place at 0x00000000 { ro section .intvec };
"A2":  place at 0x00000410 { ro section .noinit };
"P1":  place in [from 0x00000000 to 0x00080000] { ro, block CodeRelocate };
"P2":  place in [from 0x1fff0410 to 0x20010000] {
          rw, block CodeRelocateRam, block CSTACK, block HEAP };

  Section              Kind        Address    Size  Object
  -------              ----        -------    ----  ------
"A1":                                        0x400
  .intvec              ro code  0x00000000   0x400  startup_K60DZ10.o [1]
                              - 0x00000400   0x400

"P1", part 1 of 2:                             0x0
  .rodata              const    0x00000400     0x0  zero_init3.o [4]
  CodeRelocate                  0x00000400     0x0  <Block>

"A2":                                         0x14
  .noinit              ro code  0x00000410    0x10  startup_K60DZ10.o [1]
  .noinit              ro code  0x00000420     0x4  startup_K60DZ10.o [1]
                              - 0x00000424    0x14

"P1", part 2 of 2:                          0x2098
  .text                ro code  0x00000424   0x718  HW_UART.o [1]
  .text                ro code  0x00000b3c   0x698  system_MK60.o [1]
  .text                ro code  0x000011d4    0xa0  relocate.o [1]
  .text                ro code  0x00001274   0x188  HW_MCG.o [1]
  .text                ro code  0x000013fc    0x56  ABImemcpy_unaligned.o [4]
  .text                ro code  0x00001452    0x22  zero_init3.o [4]
  .text                ro code  0x00001474   0x4e4  printf.o [1]
  .text                ro code  0x00001958    0x1c  stdlib.o [1]
  .text                ro code  0x00001974   0x3e8  HW_DMA.o [1]
  .text                ro code  0x00001d5c    0x7c  HW_GPIO.o [1]
  .text                ro code  0x00001dd8    0x70  HW_PIT.o [1]
  .text                ro code  0x00001e48    0x54  chase_after.o [1]
  .rodata              const    0x00001e9c    0x48  system_MK60.o [1]
  .rodata              const    0x00001ee4    0x44  system_MK60.o [1]
  .rodata              const    0x00001f28    0x44  system_MK60.o [1]
  .rodata              const    0x00001f6c    0x34  system_MK60.o [1]
  .rodata              const    0x00001fa0    0x30  system_MK60.o [1]
  .rodata              const    0x00001fd0    0x30  system_MK60.o [1]
  .rodata              const    0x00002000    0x28  system_MK60.o [1]
  .text                ro code  0x00002028    0x28  data_init.o [4]
  .rodata              const    0x00002050    0x24  system_MK60.o [1]
  .rodata              const    0x00002074    0x24  system_MK60.o [1]
  .rodata              const    0x00002098    0x24  system_MK60.o [1]
  .text                ro code  0x000020bc    0x24  HW_FTM.o [1]
  .iar.init_table      const    0x000020e0    0x10  - Linker created -
  .rodata              const    0x000020f0    0x20  system_MK60.o [1]
  .rodata              const    0x00002110    0x20  system_MK60.o [1]
  .rodata              const    0x00002130    0x20  system_MK60.o [1]
  .rodata              const    0x00002150    0x20  system_MK60.o [1]
  .rodata              const    0x00002170    0x20  system_MK60.o [1]
  .rodata              const    0x00002190    0x1c  system_MK60.o [1]
  .rodata              const    0x000021ac    0x1c  system_MK60.o [1]
  .rodata              const    0x000021c8    0x1c  system_MK60.o [1]
  .rodata              const    0x000021e4    0x1c  system_MK60.o [1]
  .rodata              const    0x00002200    0x1c  system_MK60.o [1]
  .text                ro code  0x0000221c    0x1a  cmain.o [4]
  .text                ro code  0x00002236     0x4  low_level_init.o [3]
  .text                ro code  0x0000223a     0x4  exit.o [3]
  .text                ro code  0x00002240     0xa  cexit.o [4]
  .text                ro code  0x0000224c    0x14  exit.o [5]
  .rodata              const    0x00002260    0x18  system_MK60.o [1]
  .rodata              const    0x00002278    0x18  system_MK60.o [1]
  .rodata              const    0x00002290    0x18  system_MK60.o [1]
  .rodata              const    0x000022a8    0x18  system_MK60.o [1]
  .rodata              const    0x000022c0    0x18  system_MK60.o [1]
  .rodata              const    0x000022d8    0x18  system_MK60.o [1]
  .rodata              const    0x000022f0    0x18  system_MK60.o [1]
  .rodata              const    0x00002308    0x18  system_MK60.o [1]
  .rodata              const    0x00002320    0x18  system_MK60.o [1]
  .text                ro code  0x00002338    0x18  HW_ADC.o [1]
  .data_init                    0x00002350    0x18  <Block>
    Initializer bytes  ro data  0x00002350    0x18  <for .data-1> (used: 0x0)
  .rodata              const    0x00002368    0x14  system_MK60.o [1]
  .rodata              const    0x0000237c    0x14  system_MK60.o [1]
  .rodata              const    0x00002390    0x14  system_MK60.o [1]
  .rodata              const    0x000023a4    0x14  system_MK60.o [1]
  .text                ro code  0x000023b8    0x14  io.o [1]
  .rodata              const    0x000023cc    0x10  system_MK60.o [1]
  .rodata              const    0x000023dc    0x10  system_MK60.o [1]
  .rodata              const    0x000023ec    0x10  system_MK60.o [1]
  .rodata              const    0x000023fc    0x10  system_MK60.o [1]
  .rodata              const    0x0000240c     0xc  system_MK60.o [1]
  .text                ro code  0x00002418     0xc  cstartup_M.o [4]
  .rodata              const    0x00002424     0x8  system_MK60.o [1]
  .rodata              const    0x0000242c     0x8  system_MK60.o [1]
  .rodata              const    0x00002434     0x8  system_MK60.o [1]
  .rodata              const    0x0000243c     0x8  system_MK60.o [1]
  .rodata              const    0x00002444     0x8  system_MK60.o [1]
  .rodata              const    0x0000244c     0x8  system_MK60.o [1]
  .rodata              const    0x00002454     0x8  system_MK60.o [1]
  .rodata              const    0x0000245c     0x8  system_MK60.o [1]
  .rodata              const    0x00002464     0x8  system_MK60.o [1]
  .rodata              const    0x0000246c     0x8  system_MK60.o [1]
  .rodata              const    0x00002474     0x8  system_MK60.o [1]
  .rodata              const    0x0000247c     0x8  system_MK60.o [1]
  .rodata              const    0x00002484     0x8  system_MK60.o [1]
  .rodata              const    0x0000248c     0x8  system_MK60.o [1]
  .rodata              const    0x00002494     0x8  system_MK60.o [1]
  .rodata              const    0x0000249c     0x8  system_MK60.o [1]
  .rodata              const    0x000024a4     0x8  system_MK60.o [1]
  .rodata              const    0x000024ac     0x8  system_MK60.o [1]
  .rodata              const    0x000024b4     0x8  system_MK60.o [1]
                              - 0x000024bc  0x2098

"P2":                                       0x1110
  .data                         0x1fff0410    0x18  <Block>
    .data-1                     0x1fff0410    0x18  <Init block>
      .data            inited   0x1fff0410     0x1  chase_after.o [1]
      .data            inited   0x1fff0414     0x4  HW_MCG.o [1]
      .data            inited   0x1fff0418     0x4  HW_MCG.o [1]
      .data            inited   0x1fff041c     0x4  HW_MCG.o [1]
      .data            inited   0x1fff0420     0x4  HW_MCG.o [1]
      .data            inited   0x1fff0424     0x4  system_MK60.o [1]
  .bss                          0x1fff0428    0xf6  <Block>
    .bss               zero     0x1fff0428    0x10  HW_ADC.o [1]
    .bss               zero     0x1fff0438    0x80  HW_DMA.o [1]
    .bss               zero     0x1fff04b8    0x10  HW_FTM.o [1]
    .bss               zero     0x1fff04c8    0x14  HW_GPIO.o [1]
    .bss               zero     0x1fff04dc    0x10  HW_PIT.o [1]
    .bss               zero     0x1fff04ec    0x18  HW_UART.o [1]
    .bss               zero     0x1fff0504    0x18  HW_UART.o [1]
    .bss               zero     0x1fff051c     0x1  chase_after.o [1]
    .bss               zero     0x1fff051d     0x1  chase_after.o [1]
  CodeRelocateRam               0x1fff051e     0x0  <Block>
  CSTACK                        0x1fff0520  0x1000  <Block>
    CSTACK             uninit   0x1fff0520  0x1000  <Block tail>
                              - 0x1fff1520  0x1110


*******************************************************************************
*** INIT TABLE
***

          Address     Size
          -------     ----
Zero (__iar_zero_init3)
    1 destination range, total size 0xf6:
          0x1fff0428  0xf6



*******************************************************************************
*** MODULE SUMMARY
***

    Module                 ro code  ro data  rw data
    ------                 -------  -------  -------
C:\Users\lenovo\Desktop\17智能车省赛\LPLD_OSKinetis_V3\project\chase_after4.5\iar\FLASH\Obj: [1]
    HW_ADC.o                    24                16
    HW_DMA.o                 1 000               128
    HW_FTM.o                    36                16
    HW_GPIO.o                  124                20
    HW_MCG.o                   392       19       16
    HW_PIT.o                   112                16
    HW_UART.o                1 816                48
    chase_after.o               84        1        3
    io.o                        20
    printf.o                 1 252
    relocate.o                 160
    startup_K60DZ10.o        1 044
    stdlib.o                    28
    system_MK60.o            1 688    1 332        4
    ------------------------------------------------
    Total:                   7 780    1 352      267

command line: [2]
    ------------------------------------------------
    Total:

dl7M_tln.a: [3]
    exit.o                       4
    low_level_init.o             4
    ------------------------------------------------
    Total:                       8

rt7M_tl.a: [4]
    ABImemcpy_unaligned.o       86
    cexit.o                     10
    cmain.o                     26
    cstartup_M.o                12
    data_init.o                 40
    zero_init3.o                34
    ------------------------------------------------
    Total:                     208

shb_l.a: [5]
    exit.o                      20
    ------------------------------------------------
    Total:                      20

    Gaps                         4                 3
    Linker created                       16    4 096
----------------------------------------------------
    Grand Total:             8 020    1 368    4 366


*******************************************************************************
*** ENTRY LIST
***

Entry                      Address   Size  Type      Object
-----                      -------   ----  ----      ------
.bss$$Base              0x1fff0428          --   Gb  - Linker created -
.bss$$Limit             0x1fff051e          --   Gb  - Linker created -
.data$$Base             0x1fff0410          --   Gb  - Linker created -
.data$$Limit            0x1fff0428          --   Gb  - Linker created -
.data_init$$Base        0x00002350          --   Gb  - Linker created -
.data_init$$Limit       0x00002368          --   Gb  - Linker created -
?main                   0x0000221d         Code  Gb  cmain.o [4]
ADC0_IRQHandler         0x00002339    0xa  Code  Gb  HW_ADC.o [1]
ADC1_IRQHandler         0x00002343    0xa  Code  Gb  HW_ADC.o [1]
ADC_ISR                 0x1fff0428   0x10  Data  Gb  HW_ADC.o [1]
Ahead_Or_Behind         0x00001e65   0x28  Code  Gb  chase_after.o [1]
CSTACK$$Base            0x1fff0520          --   Gb  - Linker created -
CSTACK$$Limit           0x1fff1520          --   Gb  - Linker created -
CodeRelocate$$Base      0x00000400          --   Gb  - Linker created -
CodeRelocate$$Limit     0x00000400          --   Gb  - Linker created -
CodeRelocateRam$$Base   0x1fff051e          --   Gb  - Linker created -
CodeRelocateRam$$Limit  0x1fff051e          --   Gb  - Linker created -
DMA0_IRQHandler         0x00001975   0x4a  Code  Gb  HW_DMA.o [1]
DMA10_IRQHandler        0x00001bf7   0x3a  Code  Gb  HW_DMA.o [1]
DMA11_IRQHandler        0x00001c31   0x3a  Code  Gb  HW_DMA.o [1]
DMA12_IRQHandler        0x00001c6b   0x3a  Code  Gb  HW_DMA.o [1]
DMA13_IRQHandler        0x00001ca5   0x3a  Code  Gb  HW_DMA.o [1]
DMA14_IRQHandler        0x00001cdf   0x3a  Code  Gb  HW_DMA.o [1]
DMA15_IRQHandler        0x00001d19   0x3a  Code  Gb  HW_DMA.o [1]
DMA1_IRQHandler         0x000019bf   0x4a  Code  Gb  HW_DMA.o [1]
DMA2_IRQHandler         0x00001a09   0x4a  Code  Gb  HW_DMA.o [1]
DMA3_IRQHandler         0x00001a53   0x48  Code  Gb  HW_DMA.o [1]
DMA4_IRQHandler         0x00001a9b   0x3a  Code  Gb  HW_DMA.o [1]
DMA5_IRQHandler         0x00001ad5   0x3a  Code  Gb  HW_DMA.o [1]
DMA6_IRQHandler         0x00001b0f   0x3a  Code  Gb  HW_DMA.o [1]
DMA7_IRQHandler         0x00001b49   0x3a  Code  Gb  HW_DMA.o [1]
DMA8_IRQHandler         0x00001b83   0x3a  Code  Gb  HW_DMA.o [1]
DMA9_IRQHandler         0x00001bbd   0x3a  Code  Gb  HW_DMA.o [1]
DMA_ISR                 0x1fff0438   0x80  Data  Gb  HW_DMA.o [1]
DefaultISR              0x00000cc1   0x18  Code  Gb  system_MK60.o [1]
Diagnostic_Reset_Source
                        0x00000f05  0x156  Code  Lc  system_MK60.o [1]
FTM0_IRQHandler         0x000020bd    0xa  Code  Gb  HW_FTM.o [1]
FTM1_IRQHandler         0x000020c7    0xa  Code  Gb  HW_FTM.o [1]
FTM2_IRQHandler         0x000020d1    0xa  Code  Gb  HW_FTM.o [1]
FTM_ISR                 0x1fff04b8   0x10  Data  Gb  HW_FTM.o [1]
Family_Status           0x1fff051d    0x1  Data  Gb  chase_after.o [1]
GPIO_ISR                0x1fff04c8   0x14  Data  Gb  HW_GPIO.o [1]
HardFault_Handler       0x00000cb5    0xc  Code  Gb  system_MK60.o [1]
LPLD_GPIO_Input_b       0x00001d5d    0xa  Code  Gb  HW_GPIO.o [1]
LPLD_PLL_Setup          0x00001275  0x188  Code  Gb  HW_MCG.o [1]
LPLD_UART_Init          0x00000425  0x410  Code  Gb  HW_UART.o [1]
LPLD_UART_PutChar       0x00000835    0xa  Code  Gb  HW_UART.o [1]
OverTake                0x1fff0410    0x1  Data  Gb  chase_after.o [1]
PIT0_IRQHandler         0x00001dd9   0x16  Code  Gb  HW_PIT.o [1]
PIT1_IRQHandler         0x00001def   0x16  Code  Gb  HW_PIT.o [1]
PIT2_IRQHandler         0x00001e05   0x16  Code  Gb  HW_PIT.o [1]
PIT3_IRQHandler         0x00001e1b   0x16  Code  Gb  HW_PIT.o [1]
PIT_ISR                 0x1fff04dc   0x10  Data  Gb  HW_PIT.o [1]
PORTA_IRQHandler        0x00001d67   0x12  Code  Gb  HW_GPIO.o [1]
PORTB_IRQHandler        0x00001d79   0x12  Code  Gb  HW_GPIO.o [1]
PORTC_IRQHandler        0x00001d8b   0x12  Code  Gb  HW_GPIO.o [1]
PORTD_IRQHandler        0x00001d9d   0x12  Code  Gb  HW_GPIO.o [1]
PORTE_IRQHandler        0x00001daf   0x12  Code  Gb  HW_GPIO.o [1]
Region$$Table$$Base     0x000020e0          --   Gb  - Linker created -
Region$$Table$$Limit    0x000020f0          --   Gb  - Linker created -
SystemCoreClock         0x1fff0424    0x4  Data  Gb  system_MK60.o [1]
SystemCoreClockUpdate   0x00000c85   0x30  Code  Gb  system_MK60.o [1]
SystemInit              0x00000b3d  0x148  Code  Gb  system_MK60.o [1]
Turn_Around             0x1fff051c    0x1  Data  Gb  chase_after.o [1]
UART0_ERR_IRQHandler    0x00000b31    0x2  Code  Gb  HW_UART.o [1]
UART0_IRQHandler        0x0000083f   0x58  Code  Gb  HW_UART.o [1]
UART1_ERR_IRQHandler    0x00000b33    0x2  Code  Gb  HW_UART.o [1]
UART1_IRQHandler        0x00000897   0x58  Code  Gb  HW_UART.o [1]
UART2_ERR_IRQHandler    0x00000b35    0x2  Code  Gb  HW_UART.o [1]
UART2_IRQHandler        0x000008ef   0x58  Code  Gb  HW_UART.o [1]
UART3_ERR_IRQHandler    0x00000b37    0x2  Code  Gb  HW_UART.o [1]
UART3_IRQHandler        0x00000947   0x58  Code  Gb  HW_UART.o [1]
UART4_ERR_IRQHandler    0x00000b39    0x2  Code  Gb  HW_UART.o [1]
UART4_IRQHandler        0x0000099f   0x58  Code  Gb  HW_UART.o [1]
UART5_ERR_IRQHandler    0x00000b3b    0x2  Code  Gb  HW_UART.o [1]
UART5_IRQHandler        0x000009f7   0x58  Code  Gb  HW_UART.o [1]
UART_R_ISR              0x1fff04ec   0x18  Data  Gb  HW_UART.o [1]
UART_T_ISR              0x1fff0504   0x18  Data  Gb  HW_UART.o [1]
__BOOT_STACK_ADDRESS {Abs}
                        0x2000fff8          --   Gb  command line/config [2]
__VECTOR_RAM {Abs}      0x1fff0000          --   Gb  command line/config [2]
__VECTOR_TABLE {Abs}    0x00000000          --   Gb  command line/config [2]
__Vectors               0x00000000          --   Gb  startup_K60DZ10.o [1]
__Vectors_End           0x00000400         Data  Gb  startup_K60DZ10.o [1]
__Vectors_Size {Abs}    0x00000400          --   Gb  startup_K60DZ10.o [1]
__as_entries_start      0xffffffff          --   Gb  command line/config [2]
__as_table_start        0xffffffff          --   Gb  command line/config [2]
__cmain                 0x0000221d         Code  Gb  cmain.o [4]
__exit                  0x0000224d   0x14  Code  Gb  exit.o [5]
__iar_data_init3        0x00002029   0x28  Code  Gb  data_init.o [4]
__iar_program_start     0x00002419         Code  Gb  cstartup_M.o [4]
__iar_unaligned___aeabi_memcpy4
                        0x000013fd         Code  Gb  ABImemcpy_unaligned.o [4]
__iar_unaligned___aeabi_memcpy8
                        0x000013fd         Code  Gb  ABImemcpy_unaligned.o [4]
__iar_zero_init3        0x00001453   0x22  Code  Gb  zero_init3.o [4]
__low_level_init        0x00002237    0x4  Code  Gb  low_level_init.o [3]
__vector_table          0x00000000         Data  Gb  startup_K60DZ10.o [1]
__vector_table_0x1c     0x0000001c         Data  Gb  startup_K60DZ10.o [1]
_call_main              0x00002229         Code  Gb  cmain.o [4]
_exit                   0x00002241         Code  Gb  cexit.o [4]
_main                   0x00002233         Code  Gb  cmain.o [4]
common_relocate         0x000011d5   0xa0  Code  Gb  relocate.o [1]
cpu_identify            0x00000cdd  0x182  Code  Lc  system_MK60.o [1]
exit                    0x0000223b    0x4  Code  Gb  exit.o [3]
flash_identify          0x00000e5f   0xa6  Code  Lc  system_MK60.o [1]
g_bus_clock             0x1fff0418    0x4  Data  Gb  HW_MCG.o [1]
g_core_clock            0x1fff0414    0x4  Data  Gb  HW_MCG.o [1]
g_flash_clock           0x1fff041c    0x4  Data  Gb  HW_MCG.o [1]
g_flexbus_clock         0x1fff0420    0x4  Data  Gb  HW_MCG.o [1]
main                    0x00001e49   0x1c  Code  Gb  chase_after.o [1]
out_char                0x000023b9    0xe  Code  Gb  io.o [1]
printf                  0x00001935   0x1e  Code  Gb  printf.o [1]
printk                  0x0000154d  0x3e8  Code  Gb  printf.o [1]
printk_mknumstr         0x000014a1   0x70  Code  Lc  printf.o [1]
printk_pad_space        0x0000152f   0x1e  Code  Lc  printf.o [1]
printk_pad_zero         0x00001511   0x1e  Code  Lc  printf.o [1]
printk_putc             0x00001475   0x2c  Code  Lc  printf.o [1]
strlen                  0x00001959   0x1c  Code  Gb  stdlib.o [1]


[1] = C:\Users\lenovo\Desktop\17智能车省赛\LPLD_OSKinetis_V3\project\chase_after4.5\iar\FLASH\Obj
[2] = command line
[3] = dl7M_tln.a
[4] = rt7M_tl.a
[5] = shb_l.a

  8 020 bytes of readonly  code memory
  1 368 bytes of readonly  data memory
  4 366 bytes of readwrite data memory

Errors: 2
Warnings: none
