###############################################################################
#
# IAR ELF Linker V7.20.2.7424/W32 for ARM                 11/Jul/2017  19:16:15
# Copyright 2007-2014 IAR Systems AB.
#
#    Output file  =  
#        C:\Users\lenovo\Desktop\17智能车省赛\LPLD_OSKinetis_V3\project\chase_after（完整程序）\iar\FLASH\Exe\chase_after_K60F12.out
#    Map file     =  
#        C:\Users\lenovo\Desktop\17智能车省赛\LPLD_OSKinetis_V3\project\chase_after（完整程序）\iar\FLASH\List\chase_after_K60F12.map
#    Command line =  
#        C:\Users\lenovo\Desktop\17智能车省赛\LPLD_OSKinetis_V3\project\chase_after（完整程序）\iar\FLASH\Obj\alloc.o
#        C:\Users\lenovo\Desktop\17智能车省赛\LPLD_OSKinetis_V3\project\chase_after（完整程序）\iar\FLASH\Obj\assert.o
#        C:\Users\lenovo\Desktop\17智能车省赛\LPLD_OSKinetis_V3\project\chase_after（完整程序）\iar\FLASH\Obj\Bluetooth.o
#        C:\Users\lenovo\Desktop\17智能车省赛\LPLD_OSKinetis_V3\project\chase_after（完整程序）\iar\FLASH\Obj\chase_after.o
#        C:\Users\lenovo\Desktop\17智能车省赛\LPLD_OSKinetis_V3\project\chase_after（完整程序）\iar\FLASH\Obj\Commun_Shift.o
#        C:\Users\lenovo\Desktop\17智能车省赛\LPLD_OSKinetis_V3\project\chase_after（完整程序）\iar\FLASH\Obj\Dis_Calc.o
#        C:\Users\lenovo\Desktop\17智能车省赛\LPLD_OSKinetis_V3\project\chase_after（完整程序）\iar\FLASH\Obj\hardware.o
#        C:\Users\lenovo\Desktop\17智能车省赛\LPLD_OSKinetis_V3\project\chase_after（完整程序）\iar\FLASH\Obj\HW_ADC.o
#        C:\Users\lenovo\Desktop\17智能车省赛\LPLD_OSKinetis_V3\project\chase_after（完整程序）\iar\FLASH\Obj\HW_DMA.o
#        C:\Users\lenovo\Desktop\17智能车省赛\LPLD_OSKinetis_V3\project\chase_after（完整程序）\iar\FLASH\Obj\HW_FLASH.o
#        C:\Users\lenovo\Desktop\17智能车省赛\LPLD_OSKinetis_V3\project\chase_after（完整程序）\iar\FLASH\Obj\HW_FTM.o
#        C:\Users\lenovo\Desktop\17智能车省赛\LPLD_OSKinetis_V3\project\chase_after（完整程序）\iar\FLASH\Obj\HW_GPIO.o
#        C:\Users\lenovo\Desktop\17智能车省赛\LPLD_OSKinetis_V3\project\chase_after（完整程序）\iar\FLASH\Obj\HW_I2C.o
#        C:\Users\lenovo\Desktop\17智能车省赛\LPLD_OSKinetis_V3\project\chase_after（完整程序）\iar\FLASH\Obj\HW_LPTMR.o
#        C:\Users\lenovo\Desktop\17智能车省赛\LPLD_OSKinetis_V3\project\chase_after（完整程序）\iar\FLASH\Obj\HW_MCG.o
#        C:\Users\lenovo\Desktop\17智能车省赛\LPLD_OSKinetis_V3\project\chase_after（完整程序）\iar\FLASH\Obj\HW_NVIC.o
#        C:\Users\lenovo\Desktop\17智能车省赛\LPLD_OSKinetis_V3\project\chase_after（完整程序）\iar\FLASH\Obj\HW_PIT.o
#        C:\Users\lenovo\Desktop\17智能车省赛\LPLD_OSKinetis_V3\project\chase_after（完整程序）\iar\FLASH\Obj\HW_UART.o
#        C:\Users\lenovo\Desktop\17智能车省赛\LPLD_OSKinetis_V3\project\chase_after（完整程序）\iar\FLASH\Obj\HW_WDOG.o
#        C:\Users\lenovo\Desktop\17智能车省赛\LPLD_OSKinetis_V3\project\chase_after（完整程序）\iar\FLASH\Obj\io.o
#        C:\Users\lenovo\Desktop\17智能车省赛\LPLD_OSKinetis_V3\project\chase_after（完整程序）\iar\FLASH\Obj\Island_Judge.o
#        C:\Users\lenovo\Desktop\17智能车省赛\LPLD_OSKinetis_V3\project\chase_after（完整程序）\iar\FLASH\Obj\Keyboard.o
#        C:\Users\lenovo\Desktop\17智能车省赛\LPLD_OSKinetis_V3\project\chase_after（完整程序）\iar\FLASH\Obj\Motor_Ctrl.o
#        C:\Users\lenovo\Desktop\17智能车省赛\LPLD_OSKinetis_V3\project\chase_after（完整程序）\iar\FLASH\Obj\OLED.o
#        C:\Users\lenovo\Desktop\17智能车省赛\LPLD_OSKinetis_V3\project\chase_after（完整程序）\iar\FLASH\Obj\Pit_5ms.o
#        C:\Users\lenovo\Desktop\17智能车省赛\LPLD_OSKinetis_V3\project\chase_after（完整程序）\iar\FLASH\Obj\printf.o
#        C:\Users\lenovo\Desktop\17智能车省赛\LPLD_OSKinetis_V3\project\chase_after（完整程序）\iar\FLASH\Obj\queue.o
#        C:\Users\lenovo\Desktop\17智能车省赛\LPLD_OSKinetis_V3\project\chase_after（完整程序）\iar\FLASH\Obj\Ramp_Handle.o
#        C:\Users\lenovo\Desktop\17智能车省赛\LPLD_OSKinetis_V3\project\chase_after（完整程序）\iar\FLASH\Obj\relocate.o
#        C:\Users\lenovo\Desktop\17智能车省赛\LPLD_OSKinetis_V3\project\chase_after（完整程序）\iar\FLASH\Obj\Rudder_Ctrl.o
#        C:\Users\lenovo\Desktop\17智能车省赛\LPLD_OSKinetis_V3\project\chase_after（完整程序）\iar\FLASH\Obj\Spd_PID.o
#        C:\Users\lenovo\Desktop\17智能车省赛\LPLD_OSKinetis_V3\project\chase_after（完整程序）\iar\FLASH\Obj\Spd_Set.o
#        C:\Users\lenovo\Desktop\17智能车省赛\LPLD_OSKinetis_V3\project\chase_after（完整程序）\iar\FLASH\Obj\startup_K60F12.o
#        C:\Users\lenovo\Desktop\17智能车省赛\LPLD_OSKinetis_V3\project\chase_after（完整程序）\iar\FLASH\Obj\stdlib.o
#        C:\Users\lenovo\Desktop\17智能车省赛\LPLD_OSKinetis_V3\project\chase_after（完整程序）\iar\FLASH\Obj\system_MK60.o
#        C:\Users\lenovo\Desktop\17智能车省赛\LPLD_OSKinetis_V3\project\chase_after（完整程序）\iar\FLASH\Obj\uif.o
#        C:\Users\lenovo\Desktop\17智能车省赛\LPLD_OSKinetis_V3\project\chase_after（完整程序）\iar\FLASH\Obj\Ultra_Distance.o
#        --redirect _Printf=_PrintfFull --redirect _Scanf=_ScanfFull -o
#        C:\Users\lenovo\Desktop\17智能车省赛\LPLD_OSKinetis_V3\project\chase_after（完整程序）\iar\FLASH\Exe\chase_after_K60F12.out
#        --map
#        C:\Users\lenovo\Desktop\17智能车省赛\LPLD_OSKinetis_V3\project\chase_after（完整程序）\iar\FLASH\List\chase_after_K60F12.map
#        --config
#        C:\Users\lenovo\Desktop\17智能车省赛\LPLD_OSKinetis_V3\project\chase_after（完整程序）\iar\..\..\..\lib\iar_config_files\LPLD_K60FN1M0_FLASH.icf
#        --semihosting --entry __iar_program_start
#        D:\IAR\arm\CMSIS\Lib\IAR\iar_cortexM4l_math.a
#        --merge_duplicate_sections --vfe
#
###############################################################################

*******************************************************************************
*** RUNTIME MODEL ATTRIBUTES
***

CppFlavor       = *
__SystemLibrary = DLib


*******************************************************************************
*** PLACEMENT SUMMARY
***

"A1":  place at 0x00000000 { ro section .intvec };
"A2":  place at 0x00000410 { ro section .noinit };
"P1":  place in [from 0x00000000 to 0x0007ffff] { ro, block CodeRelocate };
"P2":  place in [from 0x1fff0410 to 0x2000fff0] {
          rw, block CodeRelocateRam, block CSTACK, block HEAP };

  Section              Kind        Address    Size  Object
  -------              ----        -------    ----  ------
"A1":                                        0x400
  .intvec              ro code  0x00000000   0x400  startup_K60F12.o [1]
                              - 0x00000400   0x400

"P1", part 1 of 2:                             0x4
  .rodata              const    0x00000400     0x0  zero_init3.o [5]
  CodeRelocate                  0x00000400     0x0  <Block>
  Initializer bytes    ro data  0x00000400     0x4  <for P2 s0>
                              - 0x00000404     0x4

"A2":                                         0x14
  .noinit              ro code  0x00000410    0x10  startup_K60F12.o [1]
  .noinit              ro code  0x00000420     0x4  startup_K60F12.o [1]
                              - 0x00000424    0x14

"P1", part 2 of 2:                          0xa380
  .text                ro code  0x00000424   0xde0  Spd_Set.o [1]
  .text                ro code  0x00001204    0x2c  I32ToDbl.o [4]
  .text                ro code  0x00001230   0x180  DblSub.o [4]
  .text                ro code  0x000013b0    0x4c  DblToI32.o [4]
  .text                ro code  0x000013fc    0x2e  DblCmpGe.o [4]
  .text                ro code  0x0000142a    0x22  zero_init3.o [5]
  .text                ro code  0x0000144c   0x1a2  DblMul.o [4]
  .text                ro code  0x000015f0   0x246  DblDiv.o [4]
  .text                ro code  0x00001838    0xe8  DblAdd.o [4]
  .text                ro code  0x00001920   0xd3c  Island_Judge.o [1]
  .text                ro code  0x0000265c    0x24  FltCmpLe.o [4]
  .text                ro code  0x00002680    0x2e  DblCmpLe.o [4]
  .text                ro code  0x000026b0    0x90  DblToFlt.o [4]
  .text                ro code  0x00002740    0x24  FltCmpGe.o [4]
  .text                ro code  0x00002764    0x4e  FltToDbl.o [4]
  .text                ro code  0x000027b4    0x2e  I32ToFlt.o [4]
  .text                ro code  0x000027e4    0xd8  FltMul.o [4]
  .text                ro code  0x000028bc    0x44  FltToS32.o [4]
  .text                ro code  0x00002900   0x210  HW_GPIO.o [1]
  .text                ro code  0x00002b10    0x14  assert.o [1]
  .text                ro code  0x00002b24   0x4e4  printf.o [1]
  .text                ro code  0x00003008    0x1c  stdlib.o [1]
  .text                ro code  0x00003024   0xc48  Rudder_Ctrl.o [1]
  .text                ro code  0x00003c6c    0x84  FltAdd.o [4]
  .text                ro code  0x00003cf0   0xbf4  HW_FTM.o [1]
  .text                ro code  0x000048e4    0xe6  FltSub.o [4]
  .text                ro code  0x000049cc    0x56  ABImemcpy_unaligned.o [5]
  .text                ro code  0x00004a24   0xb70  Dis_Calc.o [1]
  .text                ro code  0x00005594   0x284  Ramp_Handle.o [1]
  .text                ro code  0x00005818   0x654  HW_ADC.o [1]
  .text                ro code  0x00005e6c     0x6  ABImemclr4.o [5]
  .text                ro code  0x00005e74    0xf0  sqrt.o [4]
  .text                ro code  0x00005f64    0x32  ABImemset48.o [5]
  .text                ro code  0x00005f98     0xc  iarEdom.o [5]
  .text                ro code  0x00005fa4     0xc  errno.o [3]
  .text                ro code  0x00005fb0     0x2  xtls.o [3]
  .text                ro code  0x00005fb4   0x810  Spd_PID.o [1]
  .text                ro code  0x000067c4    0xfc  FltDiv.o [4]
  .text                ro code  0x000068c0   0x7d8  HW_UART.o [1]
  .text                ro code  0x00007098   0x77c  OLED.o [1]
  .text                ro code  0x00007814   0x698  system_MK60.o [1]
  .text                ro code  0x00007eac    0xa0  relocate.o [1]
  .text                ro code  0x00007f4c   0x188  HW_MCG.o [1]
  .text                ro code  0x000080d4   0x690  hardware.o [1]
  .text                ro code  0x00008764    0x6c  HW_LPTMR.o [1]
  .text                ro code  0x000087d0   0x180  HW_PIT.o [1]
  .text                ro code  0x00008950   0x1c4  HW_NVIC.o [1]
  .text                ro code  0x00008b14   0x4d8  Keyboard.o [1]
  .text                ro code  0x00008fec   0x3e8  HW_DMA.o [1]
  .text                ro code  0x000093d4   0x374  Bluetooth.o [1]
  .rodata              const    0x00009748   0x228  OLED.o [1]
  .text                ro code  0x00009970   0x1c0  Ultra_Distance.o [1]
  .text                ro code  0x00009b30   0x168  chase_after.o [1]
  .text                ro code  0x00009c98   0x12c  Commun_Shift.o [1]
  .text                ro code  0x00009dc4    0xcc  HW_I2C.o [1]
  .text                ro code  0x00009e90    0xa4  Pit_5ms.o [1]
  .text                ro code  0x00009f34    0x34  Motor_Ctrl.o [1]
  .data_init                    0x00009f68    0x68  <Block>
    Initializer bytes  ro data  0x00009f68    0x68  <for .data-1>
  .rodata              const    0x00009fd0    0x48  system_MK60.o [1]
  .rodata              const    0x0000a018    0x44  system_MK60.o [1]
  .rodata              const    0x0000a05c    0x44  system_MK60.o [1]
  .rodata              const    0x0000a0a0    0x34  HW_ADC.o [1]
  .rodata              const    0x0000a0d4    0x34  HW_FTM.o [1]
  .rodata              const    0x0000a108    0x34  HW_GPIO.o [1]
  .rodata              const    0x0000a13c    0x34  HW_NVIC.o [1]
  .rodata              const    0x0000a170    0x34  HW_PIT.o [1]
  .rodata              const    0x0000a1a4    0x34  system_MK60.o [1]
  .rodata              const    0x0000a1d8    0x30  assert.o [1]
  .rodata              const    0x0000a208    0x30  system_MK60.o [1]
  .rodata              const    0x0000a238    0x30  system_MK60.o [1]
  .rodata              const    0x0000a268    0x28  system_MK60.o [1]
  .text                ro code  0x0000a290    0x28  data_init.o [5]
  .rodata              const    0x0000a2b8    0x24  system_MK60.o [1]
  .rodata              const    0x0000a2dc    0x24  system_MK60.o [1]
  .rodata              const    0x0000a300    0x24  system_MK60.o [1]
  .iar.init_table      const    0x0000a324    0x10  - Linker created -
  .rodata              const    0x0000a334    0x20  system_MK60.o [1]
  .rodata              const    0x0000a354    0x20  system_MK60.o [1]
  .rodata              const    0x0000a374    0x20  system_MK60.o [1]
  .rodata              const    0x0000a394    0x20  system_MK60.o [1]
  .rodata              const    0x0000a3b4    0x20  system_MK60.o [1]
  .rodata              const    0x0000a3d4    0x1c  system_MK60.o [1]
  .rodata              const    0x0000a3f0    0x1c  system_MK60.o [1]
  .rodata              const    0x0000a40c    0x1c  system_MK60.o [1]
  .rodata              const    0x0000a428    0x1c  system_MK60.o [1]
  .rodata              const    0x0000a444    0x1c  system_MK60.o [1]
  .text                ro code  0x0000a460    0x1a  cmain.o [5]
  .text                ro code  0x0000a47a     0x4  low_level_init.o [3]
  .text                ro code  0x0000a47e     0x4  exit.o [3]
  .text                ro code  0x0000a484     0xa  cexit.o [5]
  .text                ro code  0x0000a490    0x14  exit.o [6]
  .rodata              const    0x0000a4a4    0x18  system_MK60.o [1]
  .rodata              const    0x0000a4bc    0x18  system_MK60.o [1]
  .rodata              const    0x0000a4d4    0x18  system_MK60.o [1]
  .rodata              const    0x0000a4ec    0x18  system_MK60.o [1]
  .rodata              const    0x0000a504    0x18  system_MK60.o [1]
  .rodata              const    0x0000a51c    0x18  system_MK60.o [1]
  .rodata              const    0x0000a534    0x18  system_MK60.o [1]
  .rodata              const    0x0000a54c    0x18  system_MK60.o [1]
  .rodata              const    0x0000a564    0x18  system_MK60.o [1]
  .rodata              const    0x0000a57c    0x14  system_MK60.o [1]
  .rodata              const    0x0000a590    0x14  system_MK60.o [1]
  .rodata              const    0x0000a5a4    0x14  system_MK60.o [1]
  .rodata              const    0x0000a5b8    0x14  system_MK60.o [1]
  .text                ro code  0x0000a5cc    0x14  io.o [1]
  .rodata              const    0x0000a5e0    0x10  OLED.o [1]
  .rodata              const    0x0000a5f0    0x10  system_MK60.o [1]
  .rodata              const    0x0000a600    0x10  system_MK60.o [1]
  .rodata              const    0x0000a610    0x10  system_MK60.o [1]
  .rodata              const    0x0000a620    0x10  system_MK60.o [1]
  .rodata              const    0x0000a630     0xc  OLED.o [1]
  .rodata              const    0x0000a63c     0xc  OLED.o [1]
  .rodata              const    0x0000a648     0xc  OLED.o [1]
  .rodata              const    0x0000a654     0xc  OLED.o [1]
  .rodata              const    0x0000a660     0xc  OLED.o [1]
  .rodata              const    0x0000a66c     0xc  system_MK60.o [1]
  .text                ro code  0x0000a678     0xc  cstartup_M.o [5]
  .rodata              const    0x0000a684     0x8  OLED.o [1]
  .rodata              const    0x0000a68c     0x8  OLED.o [1]
  .rodata              const    0x0000a694     0x8  OLED.o [1]
  .rodata              const    0x0000a69c     0x8  OLED.o [1]
  .rodata              const    0x0000a6a4     0x8  OLED.o [1]
  .rodata              const    0x0000a6ac     0x8  OLED.o [1]
  .rodata              const    0x0000a6b4     0x8  OLED.o [1]
  .rodata              const    0x0000a6bc     0x8  OLED.o [1]
  .rodata              const    0x0000a6c4     0x8  OLED.o [1]
  .rodata              const    0x0000a6cc     0x8  OLED.o [1]
  .rodata              const    0x0000a6d4     0x8  OLED.o [1]
  .rodata              const    0x0000a6dc     0x8  OLED.o [1]
  .rodata              const    0x0000a6e4     0x8  OLED.o [1]
  .rodata              const    0x0000a6ec     0x8  OLED.o [1]
  .rodata              const    0x0000a6f4     0x8  OLED.o [1]
  .rodata              const    0x0000a6fc     0x8  OLED.o [1]
  .rodata              const    0x0000a704     0x8  OLED.o [1]
  .rodata              const    0x0000a70c     0x8  system_MK60.o [1]
  .rodata              const    0x0000a714     0x8  system_MK60.o [1]
  .rodata              const    0x0000a71c     0x8  system_MK60.o [1]
  .rodata              const    0x0000a724     0x8  system_MK60.o [1]
  .rodata              const    0x0000a72c     0x8  system_MK60.o [1]
  .rodata              const    0x0000a734     0x8  system_MK60.o [1]
  .rodata              const    0x0000a73c     0x8  system_MK60.o [1]
  .rodata              const    0x0000a744     0x8  system_MK60.o [1]
  .rodata              const    0x0000a74c     0x8  system_MK60.o [1]
  .rodata              const    0x0000a754     0x8  system_MK60.o [1]
  .rodata              const    0x0000a75c     0x8  system_MK60.o [1]
  .rodata              const    0x0000a764     0x8  system_MK60.o [1]
  .rodata              const    0x0000a76c     0x8  system_MK60.o [1]
  .rodata              const    0x0000a774     0x8  system_MK60.o [1]
  .rodata              const    0x0000a77c     0x8  system_MK60.o [1]
  .rodata              const    0x0000a784     0x8  system_MK60.o [1]
  .rodata              const    0x0000a78c     0x8  system_MK60.o [1]
  .rodata              const    0x0000a794     0x8  system_MK60.o [1]
  .rodata              const    0x0000a79c     0x8  system_MK60.o [1]
                              - 0x0000a7a4  0xa380

"P2":                                       0x2bf4
  .data                         0x1fff0410    0x68  <Block>
    .data-1                     0x1fff0410    0x66  <Init block>
      .data            inited   0x1fff0410     0x1  chase_after.o [1]
      .data            inited   0x1fff0414     0x4  Commun_Shift.o [1]
      .data            inited   0x1fff0418     0x4  HW_MCG.o [1]
      .data            inited   0x1fff041c     0x4  HW_MCG.o [1]
      .data            inited   0x1fff0420     0x4  HW_MCG.o [1]
      .data            inited   0x1fff0424     0x4  HW_MCG.o [1]
      .data            inited   0x1fff0428     0x1  Keyboard.o [1]
      .data            inited   0x1fff0429     0x1  Keyboard.o [1]
      .data            inited   0x1fff042c     0x4  Keyboard.o [1]
      .data            inited   0x1fff0430     0x4  Spd_PID.o [1]
      .data            inited   0x1fff0434     0x4  Spd_PID.o [1]
      .data            inited   0x1fff0438     0x4  Spd_PID.o [1]
      .data            inited   0x1fff043c     0x4  Spd_PID.o [1]
      .data            inited   0x1fff0440     0x4  Spd_PID.o [1]
      .data            inited   0x1fff0444     0x4  Spd_Set.o [1]
      .data            inited   0x1fff0448     0x4  Spd_Set.o [1]
      .data            inited   0x1fff044c     0x4  Spd_Set.o [1]
      .data            inited   0x1fff0450     0x4  Spd_Set.o [1]
      .data            inited   0x1fff0454     0x4  Spd_Set.o [1]
      .data            inited   0x1fff0458     0x4  Spd_Set.o [1]
      .data            inited   0x1fff045c     0x4  Spd_Set.o [1]
      .data            inited   0x1fff0460     0x4  Spd_Set.o [1]
      .data            inited   0x1fff0464     0x4  Spd_Set.o [1]
      .data            inited   0x1fff0468     0x4  Spd_Set.o [1]
      .data            inited   0x1fff046c     0x4  Spd_Set.o [1]
      .data            inited   0x1fff0470     0x4  system_MK60.o [1]
      .data            inited   0x1fff0474     0x2  Ultra_Distance.o [1]
  .bss                          0x1fff0478   0xb86  <Block>
    .bss               zero     0x1fff0478     0x4  Bluetooth.o [1]
    .bss               zero     0x1fff047c     0x4  Commun_Shift.o [1]
    .bss               zero     0x1fff0480     0x4  Commun_Shift.o [1]
    .bss               zero     0x1fff0484     0x8  Dis_Calc.o [1]
    .bss               zero     0x1fff048c   0x320  Dis_Calc.o [1]
    .bss               zero     0x1fff07ac    0x20  Dis_Calc.o [1]
    .bss               zero     0x1fff07cc    0x20  Dis_Calc.o [1]
    .bss               zero     0x1fff07ec   0x140  Dis_Calc.o [1]
    .bss               zero     0x1fff092c     0x4  Dis_Calc.o [1]
    .bss               zero     0x1fff0930     0x4  Dis_Calc.o [1]
    .bss               zero     0x1fff0934   0x190  Dis_Calc.o [1]
    .bss               zero     0x1fff0ac4     0x4  Dis_Calc.o [1]
    .bss               zero     0x1fff0ac8     0x4  Dis_Calc.o [1]
    .bss               zero     0x1fff0acc     0x4  Dis_Calc.o [1]
    .bss               zero     0x1fff0ad0    0x10  HW_ADC.o [1]
    .bss               zero     0x1fff0ae0    0x80  HW_DMA.o [1]
    .bss               zero     0x1fff0b60    0x10  HW_FTM.o [1]
    .bss               zero     0x1fff0b70    0x14  HW_GPIO.o [1]
    .bss               zero     0x1fff0b84     0x8  HW_I2C.o [1]
    .bss               zero     0x1fff0b8c     0x4  HW_LPTMR.o [1]
    .bss               zero     0x1fff0b90    0x10  HW_PIT.o [1]
    .bss               zero     0x1fff0ba0    0x18  HW_UART.o [1]
    .bss               zero     0x1fff0bb8    0x18  HW_UART.o [1]
    .bss               zero     0x1fff0bd0     0x4  Island_Judge.o [1]
    .bss               zero     0x1fff0bd4     0x4  Island_Judge.o [1]
    .bss               zero     0x1fff0bd8     0x4  Island_Judge.o [1]
    .bss               zero     0x1fff0bdc     0x4  Island_Judge.o [1]
    .bss               zero     0x1fff0be0     0x4  Island_Judge.o [1]
    .bss               zero     0x1fff0be4     0x4  Island_Judge.o [1]
    .bss               zero     0x1fff0be8     0x4  Island_Judge.o [1]
    .bss               zero     0x1fff0bec     0x4  Island_Judge.o [1]
    .bss               zero     0x1fff0bf0     0x4  Island_Judge.o [1]
    .bss               zero     0x1fff0bf4   0x190  Island_Judge.o [1]
    .bss               zero     0x1fff0d84     0x4  Island_Judge.o [1]
    .bss               zero     0x1fff0d88     0x4  Island_Judge.o [1]
    .bss               zero     0x1fff0d8c     0x4  Island_Judge.o [1]
    .bss               zero     0x1fff0d90     0x4  Island_Judge.o [1]
    .bss               zero     0x1fff0d94     0x4  Island_Judge.o [1]
    .bss               zero     0x1fff0d98     0x4  Island_Judge.o [1]
    .bss               zero     0x1fff0d9c     0x4  Island_Judge.o [1]
    .bss               zero     0x1fff0da0     0x4  Island_Judge.o [1]
    .bss               zero     0x1fff0da4     0x8  Island_Judge.o [1]
    .bss               zero     0x1fff0dac     0x8  Island_Judge.o [1]
    .bss               zero     0x1fff0db4     0x8  Island_Judge.o [1]
    .bss               zero     0x1fff0dbc     0x8  Island_Judge.o [1]
    .bss               zero     0x1fff0dc4    0x18  Island_Judge.o [1]
    .bss               zero     0x1fff0ddc    0x18  Island_Judge.o [1]
    .bss               zero     0x1fff0df4    0x18  Island_Judge.o [1]
    .bss               zero     0x1fff0e0c    0x18  Island_Judge.o [1]
    .bss               zero     0x1fff0e24     0x4  Pit_5ms.o [1]
    .bss               zero     0x1fff0e28     0x4  Pit_5ms.o [1]
    .bss               zero     0x1fff0e2c     0x4  Pit_5ms.o [1]
    .bss               zero     0x1fff0e30     0x4  Ramp_Handle.o [1]
    .bss               zero     0x1fff0e34    0x14  Ramp_Handle.o [1]
    .bss               zero     0x1fff0e48     0x4  Ramp_Handle.o [1]
    .bss               zero     0x1fff0e4c    0x14  Ramp_Handle.o [1]
    .bss               zero     0x1fff0e60     0x4  Rudder_Ctrl.o [1]
    .bss               zero     0x1fff0e64     0x4  Rudder_Ctrl.o [1]
    .bss               zero     0x1fff0e68     0x4  Rudder_Ctrl.o [1]
    .bss               zero     0x1fff0e6c     0x4  Rudder_Ctrl.o [1]
    .bss               zero     0x1fff0e70     0x4  Rudder_Ctrl.o [1]
    .bss               zero     0x1fff0e74    0x68  Rudder_Ctrl.o [1]
    .bss               zero     0x1fff0edc     0x4  Spd_PID.o [1]
    .bss               zero     0x1fff0ee0     0x4  Spd_PID.o [1]
    .bss               zero     0x1fff0ee4     0x4  Spd_Set.o [1]
    .bss               zero     0x1fff0ee8     0x4  Spd_Set.o [1]
    .bss               zero     0x1fff0eec     0x4  Spd_Set.o [1]
    .bss               zero     0x1fff0ef0     0x4  Spd_Set.o [1]
    .bss               zero     0x1fff0ef4     0x4  Spd_Set.o [1]
    .bss               zero     0x1fff0ef8     0x4  Spd_Set.o [1]
    .bss               zero     0x1fff0efc     0x4  Spd_Set.o [1]
    .bss               zero     0x1fff0f00     0x4  Spd_Set.o [1]
    .bss               zero     0x1fff0f04     0x4  Spd_Set.o [1]
    .bss               zero     0x1fff0f08     0x4  Spd_Set.o [1]
    .bss               zero     0x1fff0f0c     0x4  Spd_Set.o [1]
    .bss               zero     0x1fff0f10     0x4  Spd_Set.o [1]
    .bss               zero     0x1fff0f14     0x4  Spd_Set.o [1]
    .bss               zero     0x1fff0f18     0x4  Spd_Set.o [1]
    .bss               zero     0x1fff0f1c     0x4  Spd_Set.o [1]
    .bss               zero     0x1fff0f20     0x4  Spd_Set.o [1]
    .bss               zero     0x1fff0f24    0x90  Spd_Set.o [1]
    .bss               zero     0x1fff0fb4    0x14  Ultra_Distance.o [1]
    .bss               zero     0x1fff0fc8     0x4  Ultra_Distance.o [1]
    .bss               zero     0x1fff0fcc     0x4  Ultra_Distance.o [1]
    .bss               zero     0x1fff0fd0     0x4  Ultra_Distance.o [1]
    .bss               zero     0x1fff0fd4     0x4  Ultra_Distance.o [1]
    .bss               zero     0x1fff0fd8     0x1  Bluetooth.o [1]
    .bss               zero     0x1fff0fd9     0x1  Bluetooth.o [1]
    .bss               zero     0x1fff0fda     0x1  Bluetooth.o [1]
    .bss               zero     0x1fff0fdb     0x1  Bluetooth.o [1]
    .bss               zero     0x1fff0fdc     0x1  Bluetooth.o [1]
    .bss               zero     0x1fff0fdd     0x1  Bluetooth.o [1]
    .bss               zero     0x1fff0fde     0x1  Bluetooth.o [1]
    .bss               zero     0x1fff0fdf     0x1  Bluetooth.o [1]
    .bss               zero     0x1fff0fe0     0x1  Bluetooth.o [1]
    .bss               zero     0x1fff0fe1     0x1  Bluetooth.o [1]
    .bss               zero     0x1fff0fe2     0x1  chase_after.o [1]
    .bss               zero     0x1fff0fe3     0x1  chase_after.o [1]
    .bss               zero     0x1fff0fe4     0x1  chase_after.o [1]
    .bss               zero     0x1fff0fe5     0x1  chase_after.o [1]
    .bss               zero     0x1fff0fe6     0x1  chase_after.o [1]
    .bss               zero     0x1fff0fe7     0x1  chase_after.o [1]
    .bss               zero     0x1fff0fe8     0x1  chase_after.o [1]
    .bss               zero     0x1fff0fe9     0x1  chase_after.o [1]
    .bss               zero     0x1fff0fea     0x1  chase_after.o [1]
    .bss               zero     0x1fff0feb     0x1  chase_after.o [1]
    .bss               zero     0x1fff0fec     0x1  chase_after.o [1]
    .bss               zero     0x1fff0fed     0x1  chase_after.o [1]
    .bss               zero     0x1fff0fee     0x1  Dis_Calc.o [1]
    .bss               zero     0x1fff0fef     0x1  Dis_Calc.o [1]
    .bss               zero     0x1fff0ff0     0x1  Dis_Calc.o [1]
    .bss               zero     0x1fff0ff1     0x1  Dis_Calc.o [1]
    .bss               zero     0x1fff0ff2     0x1  Dis_Calc.o [1]
    .bss               zero     0x1fff0ff3     0x1  Island_Judge.o [1]
    .bss               zero     0x1fff0ff4     0x1  Island_Judge.o [1]
    .bss               zero     0x1fff0ff5     0x1  Island_Judge.o [1]
    .bss               zero     0x1fff0ff6     0x1  Island_Judge.o [1]
    .bss               zero     0x1fff0ff7     0x1  Island_Judge.o [1]
    .bss               zero     0x1fff0ff8     0x1  Island_Judge.o [1]
    .bss               zero     0x1fff0ff9     0x1  Island_Judge.o [1]
    .bss               zero     0x1fff0ffa     0x1  Keyboard.o [1]
    .bss               zero     0x1fff0ffb     0x1  Keyboard.o [1]
    .bss               zero     0x1fff0ffc     0x1  Spd_Set.o [1]
    .bss               zero     0x1fff0ffd     0x1  Spd_Set.o [1]
  CodeRelocateRam               0x1fff0ffe     0x0  <Block>
  CSTACK                        0x1fff1000  0x2000  <Block>
    CSTACK             uninit   0x1fff1000  0x2000  <Block tail>
  P2 s0                         0x1fff3000     0x4  <Init block>
    __DLIB_PERTHREAD   inited   0x1fff3000     0x4  errno.o [3]
                              - 0x1fff3004  0x2bf4


*******************************************************************************
*** INIT TABLE
***

          Address     Size
          -------     ----
Zero (__iar_zero_init3)
    1 destination range, total size 0xb86:
          0x1fff0478  0xb86



*******************************************************************************
*** MODULE SUMMARY
***

    Module                 ro code  ro data  rw data
    ------                 -------  -------  -------
C:\Users\lenovo\Desktop\17智能车省赛\LPLD_OSKinetis_V3\project\chase_after（完整程序）\iar\FLASH\Obj: [1]
    Bluetooth.o                884                14
    Commun_Shift.o             300        7       12
    Dis_Calc.o               2 928             1 617
    HW_ADC.o                 1 620       52       16
    HW_DMA.o                 1 000               128
    HW_FTM.o                 3 060       52       16
    HW_GPIO.o                  528       52       20
    HW_I2C.o                   204                 8
    HW_LPTMR.o                 108                 4
    HW_MCG.o                   392       16       16
    HW_NVIC.o                  452       52
    HW_PIT.o                   384       52       16
    HW_UART.o                2 008                48
    Island_Judge.o           3 388               603
    Keyboard.o               1 240        8        8
    Motor_Ctrl.o                52
    OLED.o                   1 916      764
    Pit_5ms.o                  164                12
    Ramp_Handle.o              644                48
    Rudder_Ctrl.o            3 144               124
    Spd_PID.o                2 064       20       28
    Spd_Set.o                3 552       44      254
    Ultra_Distance.o           448        2       38
    assert.o                    20       48
    chase_after.o              360        1       13
    hardware.o               1 680
    io.o                        20
    printf.o                 1 252
    relocate.o                 160
    startup_K60F12.o         1 044
    stdlib.o                    28
    system_MK60.o            1 688    1 332        4
    ------------------------------------------------
    Total:                  36 732    2 502    3 047

command line: [2]
    ------------------------------------------------
    Total:

dl7M_tln.a: [3]
    errno.o                     12        4        4
    exit.o                       4
    low_level_init.o             4
    xtls.o                       2
    ------------------------------------------------
    Total:                      22        4        4

m7M_tl.a: [4]
    DblAdd.o                   232
    DblCmpGe.o                  46
    DblCmpLe.o                  46
    DblDiv.o                   582
    DblMul.o                   418
    DblSub.o                   384
    DblToFlt.o                 144
    DblToI32.o                  76
    FltAdd.o                   132
    FltCmpGe.o                  36
    FltCmpLe.o                  36
    FltDiv.o                   252
    FltMul.o                   216
    FltSub.o                   230
    FltToDbl.o                  78
    FltToS32.o                  68
    I32ToDbl.o                  44
    I32ToFlt.o                  46
    sqrt.o                     240
    ------------------------------------------------
    Total:                   3 306

rt7M_tl.a: [5]
    ABImemclr4.o                 6
    ABImemcpy_unaligned.o       86
    ABImemset48.o               50
    cexit.o                     10
    cmain.o                     26
    cstartup_M.o                12
    data_init.o                 40
    iarEdom.o                   12
    zero_init3.o                34
    ------------------------------------------------
    Total:                     276

shb_l.a: [6]
    exit.o                      20
    ------------------------------------------------
    Total:                      20

    Gaps                        24                 5
    Linker created                       18    8 192
----------------------------------------------------
    Grand Total:            40 380    2 524   11 248


*******************************************************************************
*** ENTRY LIST
***

Entry                      Address   Size  Type      Object
-----                      -------   ----  ----      ------
.bss$$Base              0x1fff0478          --   Gb  - Linker created -
.bss$$Limit             0x1fff0ffe          --   Gb  - Linker created -
.data$$Base             0x1fff0410          --   Gb  - Linker created -
.data$$Limit            0x1fff0478          --   Gb  - Linker created -
.data_init$$Base        0x00009f68          --   Gb  - Linker created -
.data_init$$Limit       0x00009fd0          --   Gb  - Linker created -
?main                   0x0000a461         Code  Gb  cmain.o [5]
ADC0_IRQHandler         0x00005e0b    0xa  Code  Gb  HW_ADC.o [1]
ADC1_IRQHandler         0x00005e15    0xa  Code  Gb  HW_ADC.o [1]
ADC2_IRQHandler         0x00005e1f    0xa  Code  Gb  HW_ADC.o [1]
ADC3_IRQHandler         0x00005e29    0xa  Code  Gb  HW_ADC.o [1]
ADC_ISR                 0x1fff0ad0   0x10  Data  Gb  HW_ADC.o [1]
ASSERT_FAILED_STR       0x0000a1d8   0x30  Data  Gb  assert.o [1]
AheadStop_BehindAccel   0x1fff0fe0    0x1  Data  Gb  Bluetooth.o [1]
AheadStop_BehindStop    0x1fff0fe1    0x1  Data  Gb  Bluetooth.o [1]
Ahead_Spd_Set           0x00000af1  0x358  Code  Gb  Spd_Set.o [1]
Ahead_TurnError         0x1fff0bd8    0x4  Data  Gb  Island_Judge.o [1]
Angle                   0x1fff0e74   0x68  Data  Gb  Rudder_Ctrl.o [1]
AveEmax_Calcu           0x00004e3f  0x1a0  Code  Gb  Dis_Calc.o [1]
Ave_absError            0x1fff0bd0    0x4  Data  Gb  Island_Judge.o [1]
Ave_absError_Calcu      0x00002531   0x76  Code  Gb  Island_Judge.o [1]
Basic_Spd_Set           0x00000425  0x6cc  Code  Gb  Spd_Set.o [1]
Behind_EnterRamp_AdmitDis
                        0x1fff0d88    0x4  Data  Gb  Island_Judge.o [1]
Behind_LeaveIsland_ChaseFlag
                        0x1fff0ffd    0x1  Data  Gb  Spd_Set.o [1]
Behind_Spd_Set          0x00000e99  0x25c  Code  Gb  Spd_Set.o [1]
CSTACK$$Base            0x1fff1000          --   Gb  - Linker created -
CSTACK$$Limit           0x1fff3000          --   Gb  - Linker created -
CalcMaxToMin            0x000052af   0x3e  Code  Gb  Dis_Calc.o [1]
Calcu_AllDis            0x00001967  0x2d0  Code  Gb  Island_Judge.o [1]
Case1_AheadLeave_Dis    0x1fff0bd4    0x4  Data  Gb  Island_Judge.o [1]
Case1_AheadLeave_Wait   0x1fff0ff7    0x1  Data  Gb  Island_Judge.o [1]
Case1_Behind_IslandStop
                        0x1fff0ff5    0x1  Data  Gb  Island_Judge.o [1]
Case1_TurnSwitch_Dis    0x1fff0ef4    0x4  Data  Gb  Spd_Set.o [1]
Case2_Ahead_KeepSide    0x1fff0fea    0x1  Data  Gb  chase_after.o [1]
Case2_Behind_KeepSide   0x1fff0feb    0x1  Data  Gb  chase_after.o [1]
Chase_Distance_Last     0x1fff0efc    0x4  Data  Gb  Spd_Set.o [1]
Chase_Distance_Last2    0x1fff0f00    0x4  Data  Gb  Spd_Set.o [1]
Chase_Distance_Last3    0x1fff0f04    0x4  Data  Gb  Spd_Set.o [1]
Cnt_Encoder             0x1fff0480    0x4  Data  Gb  Commun_Shift.o [1]
CodeRelocate$$Base      0x00000400          --   Gb  - Linker created -
CodeRelocate$$Limit     0x00000400          --   Gb  - Linker created -
CodeRelocateRam$$Base   0x1fff0ffe          --   Gb  - Linker created -
CodeRelocateRam$$Limit  0x1fff0ffe          --   Gb  - Linker created -
Command_Cnt             0x1fff0fed    0x1  Data  Gb  chase_after.o [1]
CommuCheck              0x1fff0fd9    0x1  Data  Gb  Bluetooth.o [1]
CommuCheck_Last         0x1fff0fda    0x1  Data  Gb  Bluetooth.o [1]
CommuCheck_Last_Last    0x1fff0fdb    0x1  Data  Gb  Bluetooth.o [1]
Commu_Onetime           0x0000967b   0x64  Code  Gb  Bluetooth.o [1]
Commun_Shift            0x00009c99  0x12c  Code  Gb  Commun_Shift.o [1]
Count                   0x1fff0e24    0x4  Data  Gb  Pit_5ms.o [1]
CrossRoad_Distance      0x1fff0bf0    0x4  Data  Gb  Island_Judge.o [1]
DMA0_IRQHandler         0x00008fed   0x4a  Code  Gb  HW_DMA.o [1]
DMA10_IRQHandler        0x0000926f   0x3a  Code  Gb  HW_DMA.o [1]
DMA11_IRQHandler        0x000092a9   0x3a  Code  Gb  HW_DMA.o [1]
DMA12_IRQHandler        0x000092e3   0x3a  Code  Gb  HW_DMA.o [1]
DMA13_IRQHandler        0x0000931d   0x3a  Code  Gb  HW_DMA.o [1]
DMA14_IRQHandler        0x00009357   0x3a  Code  Gb  HW_DMA.o [1]
DMA15_IRQHandler        0x00009391   0x3a  Code  Gb  HW_DMA.o [1]
DMA1_IRQHandler         0x00009037   0x4a  Code  Gb  HW_DMA.o [1]
DMA2_IRQHandler         0x00009081   0x4a  Code  Gb  HW_DMA.o [1]
DMA3_IRQHandler         0x000090cb   0x48  Code  Gb  HW_DMA.o [1]
DMA4_IRQHandler         0x00009113   0x3a  Code  Gb  HW_DMA.o [1]
DMA5_IRQHandler         0x0000914d   0x3a  Code  Gb  HW_DMA.o [1]
DMA6_IRQHandler         0x00009187   0x3a  Code  Gb  HW_DMA.o [1]
DMA7_IRQHandler         0x000091c1   0x3a  Code  Gb  HW_DMA.o [1]
DMA8_IRQHandler         0x000091fb   0x3a  Code  Gb  HW_DMA.o [1]
DMA9_IRQHandler         0x00009235   0x3a  Code  Gb  HW_DMA.o [1]
DMA_ISR                 0x1fff0ae0   0x80  Data  Gb  HW_DMA.o [1]
Data_Receive            0x1fff0fd8    0x1  Data  Gb  Bluetooth.o [1]
Debug_Page_Slt          0x1fff0429    0x1  Data  Gb  Keyboard.o [1]
Debug_Para_Slt          0x1fff0ffb    0x1  Data  Gb  Keyboard.o [1]
DefaultISR              0x00007999   0x18  Code  Gb  system_MK60.o [1]
Derivative_Error        0x1fff0ee4    0x4  Data  Gb  Spd_Set.o [1]
Diagnostic_Reset_Source
                        0x00007bdd  0x156  Code  Lc  system_MK60.o [1]
DialSwitch_init         0x00008477   0x32  Code  Gb  hardware.o [1]
Dir_IslandTurn          0x1fff0ff6    0x1  Data  Gb  Island_Judge.o [1]
Dis_Calc                0x00004a25   0x2c  Code  Gb  Dis_Calc.o [1]
Distance                0x1fff0bec    0x4  Data  Gb  Island_Judge.o [1]
E_Max                   0x1fff07cc   0x20  Data  Gb  Dis_Calc.o [1]
Elder_Rudder_Ctrl       0x0000303d  0x5b8  Code  Gb  Rudder_Ctrl.o [1]
Elder_Spd_Ctrl          0x00005fb5  0x340  Code  Gb  Spd_PID.o [1]
EncoderDis_Ahead        0x1fff0be0    0x4  Data  Gb  Island_Judge.o [1]
EncoderDis_Behind       0x1fff0be4    0x4  Data  Gb  Island_Judge.o [1]
EnterCurve_SumDis       0x1fff0eec    0x4  Data  Gb  Spd_Set.o [1]
EnterStrai_SumDis       0x1fff0464    0x4  Data  Gb  Spd_Set.o [1]
EnterStrai_SumDis_Last  0x1fff0ef0    0x4  Data  Gb  Spd_Set.o [1]
Enter_Island            0x00001c37  0x638  Code  Gb  Island_Judge.o [1]
Error                   0x1fff0ac4    0x4  Data  Gb  Dis_Calc.o [1]
F6x8                    0x00009748  0x228  Data  Gb  OLED.o [1]
FTM0_IRQHandler         0x0000483d    0xa  Code  Gb  HW_FTM.o [1]
FTM1_IRQHandler         0x00004847    0xa  Code  Gb  HW_FTM.o [1]
FTM2_IRQHandler         0x00004855    0xa  Code  Gb  HW_FTM.o [1]
FTM3_IRQHandler         0x0000485f    0xa  Code  Gb  HW_FTM.o [1]
FTM_ISR                 0x1fff0b60   0x10  Data  Gb  HW_FTM.o [1]
Family_Status           0x1fff0fe3    0x1  Data  Gb  chase_after.o [1]
Flag_Direction          0x1fff0ff2    0x1  Data  Gb  Dis_Calc.o [1]
Flag_Follow             0x1fff0ffc    0x1  Data  Gb  Spd_Set.o [1]
Flag_Island             0x1fff0fee    0x1  Data  Gb  Dis_Calc.o [1]
Flag_Island_Confirm     0x1fff0d9c    0x4  Data  Gb  Island_Judge.o [1]
Flag_Island_Confirm_Dir
                        0x1fff0ff9    0x1  Data  Gb  Island_Judge.o [1]
Flag_Island_Confirm_Last
                        0x1fff0da0    0x4  Data  Gb  Island_Judge.o [1]
Flag_Island_Last        0x1fff0ff0    0x1  Data  Gb  Dis_Calc.o [1]
Flag_Island_Position    0x1fff0ff3    0x1  Data  Gb  Island_Judge.o [1]
Flag_Ramp               0x1fff0fef    0x1  Data  Gb  Dis_Calc.o [1]
GPIO_ISR                0x1fff0b70   0x14  Data  Gb  HW_GPIO.o [1]
Grid_Distance           0x1fff0ef8    0x4  Data  Gb  Spd_Set.o [1]
Grid_Error              0x1fff0f08    0x4  Data  Gb  Spd_Set.o [1]
Grid_Error_Last         0x1fff0f0c    0x4  Data  Gb  Spd_Set.o [1]
Grid_Error_Last2        0x1fff0f10    0x4  Data  Gb  Spd_Set.o [1]
Grid_Error_Last3        0x1fff0f14    0x4  Data  Gb  Spd_Set.o [1]
HardFault_Handler       0x0000798d    0xc  Code  Gb  system_MK60.o [1]
HardwareInit            0x000080d5   0x40  Code  Gb  hardware.o [1]
I2C0_IRQHandler         0x00009dc5   0x5a  Code  Gb  HW_I2C.o [1]
I2C1_IRQHandler         0x00009e1f   0x5a  Code  Gb  HW_I2C.o [1]
I2C_ISR                 0x1fff0b84    0x8  Data  Gb  HW_I2C.o [1]
IslandAdmit_Distance    0x1fff0d8c    0x4  Data  Gb  Island_Judge.o [1]
IslandAdmit_Distance_Last
                        0x1fff0d90    0x4  Data  Gb  Island_Judge.o [1]
IslandGap_Distance      0x1fff0d94    0x4  Data  Gb  Island_Judge.o [1]
IslandIn_Distance       0x1fff0d98    0x4  Data  Gb  Island_Judge.o [1]
Island_Distance         0x1fff0ee8    0x4  Data  Gb  Spd_Set.o [1]
Island_Error_Turn       0x1fff0ff8    0x1  Data  Gb  Island_Judge.o [1]
Island_Handle           0x00001921   0x46  Code  Gb  Island_Judge.o [1]
Island_Spd_DownLimit    0x1fff0460    0x4  Data  Gb  Spd_Set.o [1]
Island_Spd_UpLimit      0x1fff045c    0x4  Data  Gb  Spd_Set.o [1]
Kd1                     0x1fff0434    0x4  Data  Gb  Spd_PID.o [1]
Kd2                     0x1fff0438    0x4  Data  Gb  Spd_PID.o [1]
KeyBoard_init           0x000084a9   0x5a  Code  Gb  hardware.o [1]
Keyboard                0x00008b15   0x24  Code  Gb  Keyboard.o [1]
Kq                      0x1fff0430    0x4  Data  Gb  Spd_PID.o [1]
LPLD_ADC_Cal            0x00005d6b   0xa0  Code  Lc  HW_ADC.o [1]
LPLD_ADC_Chn_Enable     0x00005a1d  0x34e  Code  Gb  HW_ADC.o [1]
LPLD_ADC_Get            0x000059f5   0x28  Code  Gb  HW_ADC.o [1]
LPLD_ADC_Init           0x00005819  0x1dc  Code  Gb  HW_ADC.o [1]
LPLD_FTM_ClearCounter   0x00003eef    0x6  Code  Gb  HW_FTM.o [1]
LPLD_FTM_DEC_Init       0x00004835    0x8  Code  Lc  HW_FTM.o [1]
LPLD_FTM_GetCounter     0x00003ee9    0x6  Code  Gb  HW_FTM.o [1]
LPLD_FTM_IC_Init        0x00004049   0x9a  Code  Lc  HW_FTM.o [1]
LPLD_FTM_Init           0x00003cf1  0x13e  Code  Gb  HW_FTM.o [1]
LPLD_FTM_PWM_ChangeDuty
                        0x00003e99   0x50  Code  Gb  HW_FTM.o [1]
LPLD_FTM_PWM_Enable     0x00003e2f   0x6a  Code  Gb  HW_FTM.o [1]
LPLD_FTM_PWM_Init       0x00003f27  0x122  Code  Lc  HW_FTM.o [1]
LPLD_FTM_PinInit        0x000040fd  0x6b8  Code  Lc  HW_FTM.o [1]
LPLD_FTM_QD_Enable      0x00003ef5   0x32  Code  Gb  HW_FTM.o [1]
LPLD_FTM_QD_Init        0x000047f9   0x3c  Code  Lc  HW_FTM.o [1]
LPLD_GPIO_EnableIrq     0x000029f9   0x4e  Code  Gb  HW_GPIO.o [1]
LPLD_GPIO_Init          0x00002915   0xe4  Code  Gb  HW_GPIO.o [1]
LPLD_GPIO_Input_b       0x00002a5f    0xa  Code  Gb  HW_GPIO.o [1]
LPLD_GPIO_Output_b      0x00002a47   0x18  Code  Gb  HW_GPIO.o [1]
LPLD_LPTMR_DelayMs      0x00008765   0x40  Code  Gb  HW_LPTMR.o [1]
LPLD_NVIC_Init          0x000089f5  0x104  Code  Gb  HW_NVIC.o [1]
LPLD_PIT_EnableIrq      0x000088a1   0x26  Code  Gb  HW_PIT.o [1]
LPLD_PIT_Init           0x000087e5   0xbc  Code  Gb  HW_PIT.o [1]
LPLD_PLL_Setup          0x00007f4d  0x188  Code  Gb  HW_MCG.o [1]
LPLD_UART_EnableIrq     0x00006cff   0x98  Code  Gb  HW_UART.o [1]
LPLD_UART_GetChar       0x00006ce7    0xe  Code  Gb  HW_UART.o [1]
LPLD_UART_Init          0x000068d7  0x410  Code  Gb  HW_UART.o [1]
LPLD_UART_PutChar       0x00006cf5    0xa  Code  Gb  HW_UART.o [1]
LPTMR_ISR               0x1fff0b8c    0x4  Data  Gb  HW_LPTMR.o [1]
LPT_IRQHandler          0x000087a5   0x16  Code  Gb  HW_LPTMR.o [1]
Leave_Island            0x000022eb   0xf2  Code  Gb  Island_Judge.o [1]
Led_Show                0x00002411  0x106  Code  Gb  Island_Judge.o [1]
Led_init                0x00008503   0x94  Code  Gb  hardware.o [1]
Limit_Distance_EnterCurve
                        0x1fff0444    0x4  Data  Gb  Spd_Set.o [1]
Limit_Distance_EnterIsland
                        0x1fff0458    0x4  Data  Gb  Spd_Set.o [1]
Limit_Distance_EnterStrai
                        0x1fff0450    0x4  Data  Gb  Spd_Set.o [1]
Mixed_Distance          0x1fff0414    0x4  Data  Gb  Commun_Shift.o [1]
Motor_Ctrl              0x00009f35   0x34  Code  Gb  Motor_Ctrl.o [1]
Motor_Output            0x000065a9   0x7c  Code  Gb  Spd_PID.o [1]
Motor_ftm0_init         0x000083c1   0x4e  Code  Gb  hardware.o [1]
Ms100_Distance          0x1fff0bdc    0x4  Data  Gb  Island_Judge.o [1]
NVIC_DisableIRQ         0x00008981   0x14  Code  Lc  HW_NVIC.o [1]
NVIC_EnableIRQ          0x00002901   0x14  Code  Lc  HW_GPIO.o [1]
NVIC_EnableIRQ          0x0000896d   0x14  Code  Lc  HW_NVIC.o [1]
NVIC_EnableIRQ          0x000087d1   0x14  Code  Lc  HW_PIT.o [1]
NVIC_EnableIRQ          0x000068c1   0x16  Code  Lc  HW_UART.o [1]
NVIC_EncodePriority     0x000089b7   0x3e  Code  Lc  HW_NVIC.o [1]
NVIC_SetPriority        0x00008995   0x22  Code  Lc  HW_NVIC.o [1]
NVIC_SetPriorityGrouping
                        0x00008951   0x1c  Code  Lc  HW_NVIC.o [1]
OLED_6x8Char            0x00007249   0x3a  Code  Gb  OLED.o [1]
OLED_Fill               0x00007193   0x3c  Code  Gb  OLED.o [1]
OLED_Init               0x000085dd  0x13a  Code  Gb  hardware.o [1]
OLED_P6x8Str            0x000071cf   0x7a  Code  Gb  OLED.o [1]
OLED_Print_Int          0x00007283  0x168  Code  Gb  OLED.o [1]
OLED_Set_Pos            0x00007167   0x2c  Code  Gb  OLED.o [1]
OLED_WrCmd              0x00007101   0x66  Code  Gb  OLED.o [1]
OLED_WrDat              0x00007099   0x66  Code  Gb  OLED.o [1]
OLED_while              0x000073f5  0x372  Code  Gb  OLED.o [1]
OverTake_Island         0x1fff0fe8    0x1  Data  Gb  chase_after.o [1]
OverTake_Straight       0x1fff0fe9    0x1  Data  Gb  chase_after.o [1]
PIT0_IRQHandler         0x000088c7   0x16  Code  Gb  HW_PIT.o [1]
PIT1_IRQHandler         0x000088dd   0x16  Code  Gb  HW_PIT.o [1]
PIT2_IRQHandler         0x000088f3   0x16  Code  Gb  HW_PIT.o [1]
PIT3_IRQHandler         0x00008909   0x16  Code  Gb  HW_PIT.o [1]
PIT_ISR                 0x1fff0b90   0x10  Data  Gb  HW_PIT.o [1]
PORTA_IRQHandler        0x00002a69   0x12  Code  Gb  HW_GPIO.o [1]
PORTB_IRQHandler        0x00002a7b   0x12  Code  Gb  HW_GPIO.o [1]
PORTC_IRQHandler        0x00002a8d   0x12  Code  Gb  HW_GPIO.o [1]
PORTD_IRQHandler        0x00002a9f   0x12  Code  Gb  HW_GPIO.o [1]
PORTE_IRQHandler        0x00002ab1   0x12  Code  Gb  HW_GPIO.o [1]
Page_Slt                0x1fff0410    0x1  Data  Gb  chase_after.o [1]
Parameter_Debug         0x00008c69  0x366  Code  Gb  Keyboard.o [1]
Parameter_Show          0x00008bb5   0xb4  Code  Gb  Keyboard.o [1]
Pre_Distance            0x1fff0bf4  0x190  Data  Gb  Island_Judge.o [1]
Pre_Error               0x1fff0934  0x190  Data  Gb  Dis_Calc.o [1]
Pre_Peak1               0x1fff0dc4   0x18  Data  Gb  Island_Judge.o [1]
Pre_Peak2               0x1fff0ddc   0x18  Data  Gb  Island_Judge.o [1]
Pre_Peak3               0x1fff0df4   0x18  Data  Gb  Island_Judge.o [1]
Pre_Peak7               0x1fff0e0c   0x18  Data  Gb  Island_Judge.o [1]
Pre_Ultra_Distance      0x1fff0fb4   0x14  Data  Gb  Ultra_Distance.o [1]
Pre_peak2               0x1fff0e34   0x14  Data  Gb  Ramp_Handle.o [1]
Pre_peak7               0x1fff0e4c   0x14  Data  Gb  Ramp_Handle.o [1]
Prevent_LostLine        0x00004a51  0x2e2  Code  Gb  Dis_Calc.o [1]
Q                       0x1fff043c    0x4  Data  Gb  Spd_PID.o [1]
R                       0x1fff0440    0x4  Data  Gb  Spd_PID.o [1]
RampAdmit_Distance      0x1fff0930    0x4  Data  Gb  Dis_Calc.o [1]
RampIn_Distance         0x1fff092c    0x4  Data  Gb  Dis_Calc.o [1]
Ramp_Handle             0x00005595  0x284  Code  Gb  Ramp_Handle.o [1]
RecData                 0x000093d5   0x26  Code  Gb  Bluetooth.o [1]
Receive_From_Ahead      0x00009517  0x164  Code  Gb  Bluetooth.o [1]
Receive_From_Behind     0x000093fb  0x11c  Code  Gb  Bluetooth.o [1]
Region$$Table$$Base     0x0000a324          --   Gb  - Linker created -
Region$$Table$$Limit    0x0000a334          --   Gb  - Linker created -
Rudder_Ctrl             0x00003025   0x18  Code  Gb  Rudder_Ctrl.o [1]
Rudder_Err              0x1fff0e60    0x4  Data  Gb  Rudder_Ctrl.o [1]
Rudder_Init             0x1fff0e70    0x4  Data  Gb  Rudder_Ctrl.o [1]
Rudder_Max              0x1fff0e6c    0x4  Data  Gb  Rudder_Ctrl.o [1]
Rudder_Mid              0x1fff0e64    0x4  Data  Gb  Rudder_Ctrl.o [1]
Rudder_Min              0x1fff0e68    0x4  Data  Gb  Rudder_Ctrl.o [1]
Rudder_ftm2_init        0x0000837f   0x42  Code  Gb  hardware.o [1]
SendCommand             0x1fff0fec    0x1  Data  Gb  chase_after.o [1]
SendCommand_Arise       0x1fff0fdd    0x1  Data  Gb  Bluetooth.o [1]
SendCommand_Arise_Cnt   0x1fff0fdf    0x1  Data  Gb  Bluetooth.o [1]
SendCommand_Clear       0x1fff0fde    0x1  Data  Gb  Bluetooth.o [1]
SendData_Status         0x1fff0fdc    0x1  Data  Gb  Bluetooth.o [1]
Set_SensorPara          0x00004d33  0x10c  Code  Gb  Dis_Calc.o [1]
ShowOrDebug             0x1fff0ffa    0x1  Data  Gb  Keyboard.o [1]
Show_Or_Debug           0x00008b39   0x7c  Code  Gb  Keyboard.o [1]
Show_Page_Slt           0x1fff0428    0x1  Data  Gb  Keyboard.o [1]
Single_Run              0x1fff0fe7    0x1  Data  Gb  chase_after.o [1]
Spd                     0x1fff0f24   0x90  Data  Gb  Spd_Set.o [1]
Spd_DownLimit           0x1fff044c    0x4  Data  Gb  Spd_Set.o [1]
Spd_Filter              0x000066bd   0x7c  Code  Gb  Spd_PID.o [1]
Spd_Get                 0x00006625   0x98  Code  Gb  Spd_PID.o [1]
Spd_Straight            0x1fff0454    0x4  Data  Gb  Spd_Set.o [1]
Spd_Switch              0x1fff0fe4    0x1  Data  Gb  chase_after.o [1]
Spd_Switch_A            0x1fff0fe5    0x1  Data  Gb  chase_after.o [1]
Spd_Switch_B            0x1fff0fe6    0x1  Data  Gb  chase_after.o [1]
Spd_UpLimit             0x1fff0448    0x4  Data  Gb  Spd_Set.o [1]
Status_Init             0x00009baf   0xac  Code  Gb  chase_after.o [1]
Stop_Distance           0x1fff0e28    0x4  Data  Gb  Pit_5ms.o [1]
Stop_Isr                0x00009ee9   0x2c  Code  Gb  Pit_5ms.o [1]
Stop_init               0x00008597   0x46  Code  Gb  hardware.o [1]
Sum_Distance            0x1fff0d84    0x4  Data  Gb  Island_Judge.o [1]
Sum_peak2               0x1fff0e30    0x4  Data  Gb  Ramp_Handle.o [1]
Sum_peak7               0x1fff0e48    0x4  Data  Gb  Ramp_Handle.o [1]
SystemCoreClock         0x1fff0470    0x4  Data  Gb  system_MK60.o [1]
SystemCoreClockUpdate   0x0000795d   0x30  Code  Gb  system_MK60.o [1]
SystemInit              0x00007815  0x148  Code  Gb  system_MK60.o [1]
TurnSwitch_InIsland     0x0000226f   0x7c  Code  Gb  Island_Judge.o [1]
Turn_Around             0x1fff0fe2    0x1  Data  Gb  chase_after.o [1]
UART0_ERR_IRQHandler    0x0000708d    0x2  Code  Gb  HW_UART.o [1]
UART0_IRQHandler        0x00006d97   0x58  Code  Gb  HW_UART.o [1]
UART1_ERR_IRQHandler    0x0000708f    0x2  Code  Gb  HW_UART.o [1]
UART1_IRQHandler        0x00006def   0x58  Code  Gb  HW_UART.o [1]
UART2_ERR_IRQHandler    0x00007091    0x2  Code  Gb  HW_UART.o [1]
UART2_IRQHandler        0x00006e47   0x58  Code  Gb  HW_UART.o [1]
UART3_ERR_IRQHandler    0x00007093    0x2  Code  Gb  HW_UART.o [1]
UART3_IRQHandler        0x00006e9f   0x58  Code  Gb  HW_UART.o [1]
UART4_ERR_IRQHandler    0x00007095    0x2  Code  Gb  HW_UART.o [1]
UART4_IRQHandler        0x00006ef7   0x58  Code  Gb  HW_UART.o [1]
UART5_ERR_IRQHandler    0x00007097    0x2  Code  Gb  HW_UART.o [1]
UART5_IRQHandler        0x00006f4f   0x58  Code  Gb  HW_UART.o [1]
UART_R_ISR              0x1fff0ba0   0x18  Data  Gb  HW_UART.o [1]
UART_T_ISR              0x1fff0bb8   0x18  Data  Gb  HW_UART.o [1]
Ud                      0x1fff0f18    0x4  Data  Gb  Spd_Set.o [1]
Ud_Last                 0x1fff0f20    0x4  Data  Gb  Spd_Set.o [1]
Ud_error                0x1fff0f1c    0x4  Data  Gb  Spd_Set.o [1]
UltraDis_Filter         0x00009a8f   0x48  Code  Gb  Ultra_Distance.o [1]
UltraDis_Measure        0x00009971  0x11e  Code  Gb  Ultra_Distance.o [1]
Ultra_Count             0x1fff0fc8    0x4  Data  Gb  Ultra_Distance.o [1]
Ultra_Count_Last        0x1fff0fcc    0x4  Data  Gb  Ultra_Distance.o [1]
Ultra_Count_Last2       0x1fff0fd0    0x4  Data  Gb  Ultra_Distance.o [1]
Ultra_Count_Last3       0x1fff0fd4    0x4  Data  Gb  Ultra_Distance.o [1]
Ultra_Distance_Unfilter
                        0x1fff0474    0x2  Data  Gb  Ultra_Distance.o [1]
Younger_Rudder_Ctrl     0x0000361d  0x56c  Code  Gb  Rudder_Ctrl.o [1]
Younger_Spd_Ctrl        0x000062f5  0x2b4  Code  Gb  Spd_PID.o [1]
__BOOT_STACK_ADDRESS {Abs}
                        0x2000ffe8          --   Gb  command line/config [2]
__VECTOR_RAM {Abs}      0x1fff0000          --   Gb  command line/config [2]
__VECTOR_TABLE {Abs}    0x00000000          --   Gb  command line/config [2]
__Vectors               0x00000000          --   Gb  startup_K60F12.o [1]
__Vectors_End           0x00000400         Data  Gb  startup_K60F12.o [1]
__Vectors_Size {Abs}    0x00000400          --   Gb  startup_K60F12.o [1]
__aeabi_cdcmple         0x00002681         Code  Gb  DblCmpLe.o [4]
__aeabi_cdrcmple        0x000013fd         Code  Gb  DblCmpGe.o [4]
__aeabi_cfcmple         0x0000265d         Code  Gb  FltCmpLe.o [4]
__aeabi_cfrcmple        0x00002741         Code  Gb  FltCmpGe.o [4]
__aeabi_d2f             0x000026b1         Code  Gb  DblToFlt.o [4]
__aeabi_d2iz            0x000013b1         Code  Gb  DblToI32.o [4]
__aeabi_dadd            0x00001839         Code  Gb  DblAdd.o [4]
__aeabi_ddiv            0x000015f1         Code  Gb  DblDiv.o [4]
__aeabi_dmul            0x0000144d         Code  Gb  DblMul.o [4]
__aeabi_dsub            0x00001231         Code  Gb  DblSub.o [4]
__aeabi_errno_addr      0x00005fa5    0x6  Code  Gb  errno.o [3]
__aeabi_f2d             0x00002765         Code  Gb  FltToDbl.o [4]
__aeabi_f2iz            0x000028bd         Code  Gb  FltToS32.o [4]
__aeabi_fadd            0x00003c6d         Code  Gb  FltAdd.o [4]
__aeabi_fdiv            0x000067c5         Code  Gb  FltDiv.o [4]
__aeabi_fmul            0x000027e5         Code  Gb  FltMul.o [4]
__aeabi_fsub            0x000048e5         Code  Gb  FltSub.o [4]
__aeabi_i2d             0x00001205         Code  Gb  I32ToDbl.o [4]
__aeabi_i2f             0x000027b5         Code  Gb  I32ToFlt.o [4]
__aeabi_memclr4         0x00005e6d         Code  Gb  ABImemclr4.o [5]
__as_entries_start      0xffffffff          --   Gb  command line/config [2]
__as_table_start        0xffffffff          --   Gb  command line/config [2]
__cmain                 0x0000a461         Code  Gb  cmain.o [5]
__exit                  0x0000a491   0x14  Code  Gb  exit.o [6]
__iar_Errno             0x1fff3000    0x4  Data  Gb  errno.o [3]
__iar_Memset4_word      0x00005f65         Code  Gb  ABImemset48.o [5]
__iar_Memset8_word      0x00005f65         Code  Gb  ABImemset48.o [5]
__iar_d2uiz             0x000013dd         Code  Gb  DblToI32.o [4]
__iar_dadd              0x0000184d         Code  Gb  DblAdd.o [4]
__iar_data_init3        0x0000a291   0x28  Code  Gb  data_init.o [5]
__iar_dlib_perthread_access
                        0x00005fb1    0x2  Code  Gb  xtls.o [3]
__iar_dsub              0x00001245         Code  Gb  DblSub.o [4]
__iar_dsubStart         0x00001257         Code  Gb  DblSub.o [4]
__iar_edom              0x00005f99         Code  Gb  iarEdom.o [5]
__iar_fadd              0x00003c7d         Code  Gb  FltAdd.o [4]
__iar_fsub              0x000048f5         Code  Gb  FltSub.o [4]
__iar_fsubStart         0x00004905         Code  Gb  FltSub.o [4]
__iar_program_start     0x0000a679         Code  Gb  cstartup_M.o [5]
__iar_sqrt              0x00005e75         Code  Gb  sqrt.o [4]
__iar_ui2d              0x00001219         Code  Gb  I32ToDbl.o [4]
__iar_ui2f              0x000027c9         Code  Gb  I32ToFlt.o [4]
__iar_unaligned___aeabi_memcpy4
                        0x000049cd         Code  Gb  ABImemcpy_unaligned.o [5]
__iar_unaligned___aeabi_memcpy8
                        0x000049cd         Code  Gb  ABImemcpy_unaligned.o [5]
__iar_zero_init3        0x0000142b   0x22  Code  Gb  zero_init3.o [5]
__low_level_init        0x0000a47b    0x4  Code  Gb  low_level_init.o [3]
__vector_table          0x00000000         Data  Gb  startup_K60F12.o [1]
__vector_table_0x1c     0x0000001c         Data  Gb  startup_K60F12.o [1]
_call_main              0x0000a46d         Code  Gb  cmain.o [5]
_exit                   0x0000a485         Code  Gb  cexit.o [5]
_main                   0x0000a477         Code  Gb  cmain.o [5]
ad_convert              0x00004fdf   0xbc  Code  Gb  Dis_Calc.o [1]
assert_failed           0x00002b11   0x14  Code  Gb  assert.o [1]
bluetooth_uart4_init    0x00008115   0xb4  Code  Gb  hardware.o [1]
common_relocate         0x00007ead   0xa0  Code  Gb  relocate.o [1]
cpu_identify            0x000079b5  0x182  Code  Lc  system_MK60.o [1]
error2_all              0x1fff0acc    0x4  Data  Gb  Dis_Calc.o [1]
error_all               0x1fff0ac8    0x4  Data  Gb  Dis_Calc.o [1]
error_calcu             0x000052ed  0x208  Code  Gb  Dis_Calc.o [1]
exit                    0x0000a47f    0x4  Code  Gb  exit.o [3]
final                   0x1fff0ff4    0x1  Data  Gb  Island_Judge.o [1]
final_Distance          0x1fff0be8    0x4  Data  Gb  Island_Judge.o [1]
final_Last              0x1fff0ff1    0x1  Data  Gb  Dis_Calc.o [1]
flash_identify          0x00007b37   0xa6  Code  Lc  system_MK60.o [1]
g_bus_clock             0x1fff041c    0x4  Data  Gb  HW_MCG.o [1]
g_core_clock            0x1fff0418    0x4  Data  Gb  HW_MCG.o [1]
g_flash_clock           0x1fff0420    0x4  Data  Gb  HW_MCG.o [1]
g_flexbus_clock         0x1fff0424    0x4  Data  Gb  HW_MCG.o [1]
hcsr04_init             0x000081c9   0x4a  Code  Gb  hardware.o [1]
isrcnt                  0x1fff0e2c    0x4  Data  Gb  Pit_5ms.o [1]
k                       0x1fff0edc    0x4  Data  Gb  Spd_PID.o [1]
main                    0x00009b31   0x7e  Code  Gb  chase_after.o [1]
nvic_init               0x00008257   0x94  Code  Gb  hardware.o [1]
out_char                0x0000a5cd    0xe  Code  Gb  io.o [1]
p                       0x1fff0ee0    0x4  Data  Gb  Spd_PID.o [1]
peak                    0x1fff07ac   0x20  Data  Gb  Dis_Calc.o [1]
peak_calc               0x0000509b  0x214  Code  Gb  Dis_Calc.o [1]
peak_real               0x1fff0484    0x8  Data  Gb  Dis_Calc.o [1]
percent_ahead           0x1fff0468    0x4  Data  Gb  Spd_Set.o [1]
percent_behind          0x1fff046c    0x4  Data  Gb  Spd_Set.o [1]
pit_10ms                0x00009e91   0x58  Code  Gb  Pit_5ms.o [1]
pit_10ms_init           0x00008213   0x44  Code  Gb  hardware.o [1]
pit_hcsr04_init         0x00008449   0x2e  Code  Gb  hardware.o [1]
printf                  0x00002fe5   0x1e  Code  Gb  printf.o [1]
printk                  0x00002bfd  0x3e8  Code  Gb  printf.o [1]
printk_mknumstr         0x00002b51   0x70  Code  Lc  printf.o [1]
printk_pad_space        0x00002bdf   0x1e  Code  Lc  printf.o [1]
printk_pad_zero         0x00002bc1   0x1e  Code  Lc  printf.o [1]
printk_putc             0x00002b25   0x2c  Code  Lc  printf.o [1]
qd_ftm1_init            0x0000840f   0x3a  Code  Gb  hardware.o [1]
sensor                  0x1fff048c  0x320  Data  Gb  Dis_Calc.o [1]
sensor_adc_init         0x000082eb   0x94  Code  Gb  hardware.o [1]
shift_error             0x1fff047c    0x4  Data  Gb  Commun_Shift.o [1]
sqrt                    0x00005e75         Code  Gb  sqrt.o [4]
sqrtl                   0x00005e75         Code  Gb  sqrt.o [4]
start_peak              0x1fff07ec  0x140  Data  Gb  Dis_Calc.o [1]
strlen                  0x00003009   0x1c  Code  Gb  stdlib.o [1]
text1                   0x1fff042c    0x4  Data  Gb  Keyboard.o [1]
trendSum_Peak1          0x1fff0da4    0x8  Data  Gb  Island_Judge.o [1]
trendSum_Peak2          0x1fff0dac    0x8  Data  Gb  Island_Judge.o [1]
trendSum_Peak3          0x1fff0db4    0x8  Data  Gb  Island_Judge.o [1]
trendSum_Peak7          0x1fff0dbc    0x8  Data  Gb  Island_Judge.o [1]
uart_cnt                0x1fff0478    0x4  Data  Gb  Bluetooth.o [1]


[1] = C:\Users\lenovo\Desktop\17智能车省赛\LPLD_OSKinetis_V3\project\chase_after（完整程序）\iar\FLASH\Obj
[2] = command line
[3] = dl7M_tln.a
[4] = m7M_tl.a
[5] = rt7M_tl.a
[6] = shb_l.a

  40 380 bytes of readonly  code memory
   2 524 bytes of readonly  data memory
  11 248 bytes of readwrite data memory

Errors: none
Warnings: none
