###############################################################################
#
# IAR ANSI C/C++ Compiler V7.20.2.7424/W32 for ARM        21/Feb/2017  14:00:32
# Copyright 1999-2014 IAR Systems AB.
#
#    Cpu mode     =  thumb
#    Endian       =  little
#    Source file  =  
#        E:\chase
#        after\LPLD_OSKinetis_V3\project\chase_after合并程序1\app\Uart_Rec.c
#    Command line =  
#        "E:\chase
#        after\LPLD_OSKinetis_V3\project\chase_after合并程序1\app\Uart_Rec.c"
#        -D LPLD_K60 -D USE_K60F12 -lCN "E:\chase
#        after\LPLD_OSKinetis_V3\project\chase_after合并程序1\iar\FLASH\List\"
#        -lB "E:\chase
#        after\LPLD_OSKinetis_V3\project\chase_after合并程序1\iar\FLASH\List\"
#        -o "E:\chase
#        after\LPLD_OSKinetis_V3\project\chase_after合并程序1\iar\FLASH\Obj\"
#        --no_cse --no_unroll --no_inline --no_code_motion --no_tbaa
#        --no_clustering --no_scheduling --debug --endian=little
#        --cpu=Cortex-M4F -e --fpu=None --dlib_config "C:\Program Files
#        (x86)\IAR Systems\Embedded Workbench
#        7.0\arm\INC\c\DLib_Config_Normal.h" -I "E:\chase
#        after\LPLD_OSKinetis_V3\project\chase_after合并程序1\iar\..\app\" -I
#        "E:\chase
#        after\LPLD_OSKinetis_V3\project\chase_after合并程序1\iar\..\..\..\lib\CPU\"
#        -I "E:\chase
#        after\LPLD_OSKinetis_V3\project\chase_after合并程序1\iar\..\..\..\lib\common\"
#        -I "E:\chase
#        after\LPLD_OSKinetis_V3\project\chase_after合并程序1\iar\..\..\..\lib\LPLD\"
#        -I "E:\chase
#        after\LPLD_OSKinetis_V3\project\chase_after合并程序1\iar\..\..\..\lib\LPLD\HW\"
#        -I "E:\chase
#        after\LPLD_OSKinetis_V3\project\chase_after合并程序1\iar\..\..\..\lib\LPLD\DEV\"
#        -I "E:\chase
#        after\LPLD_OSKinetis_V3\project\chase_after合并程序1\iar\..\..\..\lib\LPLD\FUNC\"
#        -I "E:\chase
#        after\LPLD_OSKinetis_V3\project\chase_after合并程序1\iar\..\..\..\lib\uCOS-II\Ports\"
#        -I "E:\chase
#        after\LPLD_OSKinetis_V3\project\chase_after合并程序1\iar\..\..\..\lib\uCOS-II\Source\"
#        -I "E:\chase
#        after\LPLD_OSKinetis_V3\project\chase_after合并程序1\iar\..\..\..\lib\FatFs\"
#        -I "E:\chase
#        after\LPLD_OSKinetis_V3\project\chase_after合并程序1\iar\..\..\..\lib\FatFs\option\"
#        -I "E:\chase
#        after\LPLD_OSKinetis_V3\project\chase_after合并程序1\iar\..\..\..\lib\USB\common\"
#        -I "E:\chase
#        after\LPLD_OSKinetis_V3\project\chase_after合并程序1\iar\..\..\..\lib\USB\driver\"
#        -I "E:\chase
#        after\LPLD_OSKinetis_V3\project\chase_after合并程序1\iar\..\..\..\lib\USB\descriptor\"
#        -I "E:\chase
#        after\LPLD_OSKinetis_V3\project\chase_after合并程序1\iar\..\..\..\lib\USB\class\"
#        -Ol -I "C:\Program Files (x86)\IAR Systems\Embedded Workbench
#        7.0\arm\CMSIS\Include\" -D ARM_MATH_CM4
#    List file    =  
#        E:\chase
#        after\LPLD_OSKinetis_V3\project\chase_after合并程序1\iar\FLASH\List\Uart_Rec.lst
#    Object file  =  
#        E:\chase
#        after\LPLD_OSKinetis_V3\project\chase_after合并程序1\iar\FLASH\Obj\Uart_Rec.o
#
###############################################################################

E:\chase after\LPLD_OSKinetis_V3\project\chase_after合并程序1\app\Uart_Rec.c
      1          #include "Uart_Rec.h"
      2          

   \                                 In section .bss, align 4
      3          int Pc_cmd = 0;
   \                     Pc_cmd:
   \   00000000                      DS8 4

   \                                 In section .bss, align 4
      4          int y;
   \                     y:
   \   00000000                      DS8 4

   \                                 In section .text, align 4, keep-with-next
      5          void uart_isr()
      6          {
   \                     uart_isr: (+1)
   \   00000000   0xB580             PUSH     {R7,LR}
      7             y++;
   \   00000002   0x4805             LDR.N    R0,??uart_isr_0
   \   00000004   0x6800             LDR      R0,[R0, #+0]
   \   00000006   0x1C40             ADDS     R0,R0,#+1
   \   00000008   0x4903             LDR.N    R1,??uart_isr_0
   \   0000000A   0x6008             STR      R0,[R1, #+0]
      8             Pc_cmd = LPLD_UART_GetChar(UART1);
   \   0000000C   0x4803             LDR.N    R0,??uart_isr_0+0x4  ;; 0x4006b000
   \   0000000E   0x.... 0x....      BL       LPLD_UART_GetChar
   \   00000012   0x4903             LDR.N    R1,??uart_isr_0+0x8
   \   00000014   0x6008             STR      R0,[R1, #+0]
      9          }
   \   00000016   0xBD01             POP      {R0,PC}          ;; return
   \                     ??uart_isr_0:
   \   00000018   0x........         DC32     y
   \   0000001C   0x4006B000         DC32     0x4006b000
   \   00000020   0x........         DC32     Pc_cmd

   Maximum stack usage in bytes:

   .cstack Function
   ------- --------
       8   uart_isr
         8   -> LPLD_UART_GetChar


   Section sizes:

   Bytes  Function/Label
   -----  --------------
       4  Pc_cmd
      36  uart_isr
       4  y

 
  8 bytes in section .bss
 36 bytes in section .text
 
 36 bytes of CODE memory
  8 bytes of DATA memory

Errors: none
Warnings: none
