###############################################################################
#
# IAR ANSI C/C++ Compiler V7.20.2.7424/W32 for ARM        01/Mar/2017  17:00:27
# Copyright 1999-2014 IAR Systems AB.
#
#    Cpu mode     =  thumb
#    Endian       =  little
#    Source file  =  
#        C:\Users\lenovo\Desktop\17智能车省赛\LPLD_OSKinetis_V3\project\chase_after合并程序(0228)\app\chase_after.c
#    Command line =  
#        "C:\Users\lenovo\Desktop\17智能车省赛\LPLD_OSKinetis_V3\project\chase_after合并程序(0228)\app\chase_after.c"
#        -D LPLD_K60 -D USE_K60F12 -lCN
#        "C:\Users\lenovo\Desktop\17智能车省赛\LPLD_OSKinetis_V3\project\chase_after合并程序(0228)\iar\BOOT\List\"
#        -lB
#        "C:\Users\lenovo\Desktop\17智能车省赛\LPLD_OSKinetis_V3\project\chase_after合并程序(0228)\iar\BOOT\List\"
#        -o
#        "C:\Users\lenovo\Desktop\17智能车省赛\LPLD_OSKinetis_V3\project\chase_after合并程序(0228)\iar\BOOT\Obj\"
#        --no_cse --no_unroll --no_inline --no_code_motion --no_tbaa
#        --no_clustering --no_scheduling --debug --endian=little
#        --cpu=Cortex-M4F -e --fpu=VFPv4_sp --dlib_config
#        D:\IAR\arm\INC\c\DLib_Config_Normal.h -I
#        "C:\Users\lenovo\Desktop\17智能车省赛\LPLD_OSKinetis_V3\project\chase_after合并程序(0228)\iar\..\app\"
#        -I
#        "C:\Users\lenovo\Desktop\17智能车省赛\LPLD_OSKinetis_V3\project\chase_after合并程序(0228)\iar\..\..\..\lib\CPU\"
#        -I
#        "C:\Users\lenovo\Desktop\17智能车省赛\LPLD_OSKinetis_V3\project\chase_after合并程序(0228)\iar\..\..\..\lib\common\"
#        -I
#        "C:\Users\lenovo\Desktop\17智能车省赛\LPLD_OSKinetis_V3\project\chase_after合并程序(0228)\iar\..\..\..\lib\LPLD\"
#        -I
#        "C:\Users\lenovo\Desktop\17智能车省赛\LPLD_OSKinetis_V3\project\chase_after合并程序(0228)\iar\..\..\..\lib\LPLD\HW\"
#        -I
#        "C:\Users\lenovo\Desktop\17智能车省赛\LPLD_OSKinetis_V3\project\chase_after合并程序(0228)\iar\..\..\..\lib\LPLD\DEV\"
#        -I
#        "C:\Users\lenovo\Desktop\17智能车省赛\LPLD_OSKinetis_V3\project\chase_after合并程序(0228)\iar\..\..\..\lib\LPLD\FUNC\"
#        -I
#        "C:\Users\lenovo\Desktop\17智能车省赛\LPLD_OSKinetis_V3\project\chase_after合并程序(0228)\iar\..\..\..\lib\uCOS-II\Ports\"
#        -I
#        "C:\Users\lenovo\Desktop\17智能车省赛\LPLD_OSKinetis_V3\project\chase_after合并程序(0228)\iar\..\..\..\lib\uCOS-II\Source\"
#        -I
#        "C:\Users\lenovo\Desktop\17智能车省赛\LPLD_OSKinetis_V3\project\chase_after合并程序(0228)\iar\..\..\..\lib\FatFs\"
#        -I
#        "C:\Users\lenovo\Desktop\17智能车省赛\LPLD_OSKinetis_V3\project\chase_after合并程序(0228)\iar\..\..\..\lib\FatFs\option\"
#        -I
#        "C:\Users\lenovo\Desktop\17智能车省赛\LPLD_OSKinetis_V3\project\chase_after合并程序(0228)\iar\..\..\..\lib\USB\common\"
#        -I
#        "C:\Users\lenovo\Desktop\17智能车省赛\LPLD_OSKinetis_V3\project\chase_after合并程序(0228)\iar\..\..\..\lib\USB\driver\"
#        -I
#        "C:\Users\lenovo\Desktop\17智能车省赛\LPLD_OSKinetis_V3\project\chase_after合并程序(0228)\iar\..\..\..\lib\USB\descriptor\"
#        -I
#        "C:\Users\lenovo\Desktop\17智能车省赛\LPLD_OSKinetis_V3\project\chase_after合并程序(0228)\iar\..\..\..\lib\USB\class\"
#        -Ol -I D:\IAR\arm\CMSIS\Include\ -D ARM_MATH_CM4
#    List file    =  
#        C:\Users\lenovo\Desktop\17智能车省赛\LPLD_OSKinetis_V3\project\chase_after合并程序(0228)\iar\BOOT\List\chase_after.lst
#    Object file  =  
#        C:\Users\lenovo\Desktop\17智能车省赛\LPLD_OSKinetis_V3\project\chase_after合并程序(0228)\iar\BOOT\Obj\chase_after.o
#
###############################################################################

C:\Users\lenovo\Desktop\17智能车省赛\LPLD_OSKinetis_V3\project\chase_after合并程序(0228)\app\chase_after.c
      1          /**
      2           * --------------基于"拉普兰德K60底层库V3"的工程（DC_Smartcar）-----------------
      3           * @file DC_Smartcar.c
      4           * @version 0.0
      5           * @date 2013-9-29
      6           * @brief 关于该工程的描述
      7           *
      8           * 版权所有:北京拉普兰德电子技术有限公司
      9           * http://www.lpld.cn
     10           * mail:support@lpld.cn
     11           * 硬件平台:  LPLD K60 Card / LPLD K60 Nano
     12           *
     13           * 本工程基于"拉普兰德K60底层库V3"开发，
     14           * 所有开源代码均在"lib"文件夹下，用户不必更改该目录下代码，
     15           * 所有用户工程需保存在"project"文件夹下，以工程名定义文件夹名，
     16           * 底层库使用方法见相关文档。 
     17           *
     18           */
     19          #include "Includes.h"
     20          

   \                                 In section .bss, align 1
     21          uint8 Turn_Around = 0;   //前车为0，后车为1
   \                     Turn_Around:
   \   00000000                      DS8 1

   \                                 In section .bss, align 1
     22          uint8 Family_Status = 0;   //老大为0，老二为1
   \                     Family_Status:
   \   00000000                      DS8 1
     23          extern int Count;
     24          void Ahead_Or_Behind(void); 
     25          

   \                                 In section .bss, align 4
     26          int ab = 0;
   \                     ab:
   \   00000000                      DS8 4
     27          //主函数入口

   \                                 In section .text, align 2, keep-with-next
     28          void main (void)
     29          {
   \                     main: (+1)
   \   00000000   0xB580             PUSH     {R7,LR}
     30            DisableInterrupts; 
   \   00000002   0xB672             CPSID    I
     31            
     32            //开机前后车选择，拨码1：OFF为0--前车，ON为1--后车
     33            Ahead_Or_Behind();  
   \   00000004   0x.... 0x....      BL       Ahead_Or_Behind
     34            //模块初始化
     35            HardwareInit(); 
   \   00000008   0x.... 0x....      BL       HardwareInit
     36            //开机采样 
     37            Set_SensorPara();  
   \   0000000C   0x.... 0x....      BL       Set_SensorPara
     38            
     39            EnableInterrupts;
   \   00000010   0xB662             CPSIE    I
     40              
     41            while(1)
     42             {
     43               SendData();
   \                     ??main_0: (+1)
   \   00000012   0x.... 0x....      BL       SendData
   \   00000016   0xE7FC             B.N      ??main_0
     44             } 
     45          }
     46          
     47          
     48          //老大老二选择，拨码1: OFF为1--老二，ON为0--老大
     49          //前后车选择，  拨码2：OFF为1--后车，ON为0--前车

   \                                 In section .text, align 2, keep-with-next
     50          void Ahead_Or_Behind()
     51          {
   \                     Ahead_Or_Behind: (+1)
   \   00000000   0xB580             PUSH     {R7,LR}
     52            DialSwitch_init();
   \   00000002   0x.... 0x....      BL       DialSwitch_init
     53            Family_Status = 1 - LPLD_GPIO_Input_b(PTD, 7);  
   \   00000006   0x2107             MOVS     R1,#+7
   \   00000008   0x....             LDR.N    R0,??DataTable0  ;; 0x400ff0c0
   \   0000000A   0x.... 0x....      BL       LPLD_GPIO_Input_b
   \   0000000E   0xF1D0 0x0001      RSBS     R0,R0,#+1
   \   00000012   0x....             LDR.N    R1,??DataTable0_1
   \   00000014   0x7008             STRB     R0,[R1, #+0]
     54            Turn_Around   = 1 - LPLD_GPIO_Input_b(PTD, 6);
   \   00000016   0x2106             MOVS     R1,#+6
   \   00000018   0x....             LDR.N    R0,??DataTable0  ;; 0x400ff0c0
   \   0000001A   0x.... 0x....      BL       LPLD_GPIO_Input_b
   \   0000001E   0xF1D0 0x0001      RSBS     R0,R0,#+1
   \   00000022   0x....             LDR.N    R1,??DataTable0_2
   \   00000024   0x7008             STRB     R0,[R1, #+0]
     55          }
   \   00000026   0xBD01             POP      {R0,PC}          ;; return

   \                                 In section .text, align 4, keep-with-next
   \                     ??DataTable0:
   \   00000000   0x400FF0C0         DC32     0x400ff0c0

   \                                 In section .text, align 4, keep-with-next
   \                     ??DataTable0_1:
   \   00000000   0x........         DC32     Family_Status

   \                                 In section .text, align 4, keep-with-next
   \                     ??DataTable0_2:
   \   00000000   0x........         DC32     Turn_Around
     56          
     57          

   Maximum stack usage in bytes:

   .cstack Function
   ------- --------
       8   Ahead_Or_Behind
         8   -> DialSwitch_init
         8   -> LPLD_GPIO_Input_b
       8   main
         8   -> Ahead_Or_Behind
         8   -> HardwareInit
         8   -> SendData
         8   -> Set_SensorPara


   Section sizes:

   Bytes  Function/Label
   -----  --------------
       4  ??DataTable0
       4  ??DataTable0_1
       4  ??DataTable0_2
      40  Ahead_Or_Behind
       1  Family_Status
       1  Turn_Around
       4  ab
      24  main

 
  6 bytes in section .bss
 76 bytes in section .text
 
 76 bytes of CODE memory
  6 bytes of DATA memory

Errors: none
Warnings: none
